Archive member included to satisfy reference by file (symbol)

C:/ST/STM32CubeIDE_2.1.1/STM32CubeIDE/plugins/com.st.stm32cube.ide.mcu.externaltools.gnu-tools-for-stm32.14.3.rel1.win32_1.0.100.202602081740/tools/bin/../lib/gcc/arm-none-eabi/14.3.1/../../../../arm-none-eabi/lib/thumb/v7e-m+fp/hard\libc_nano.a(libc_a-exit.o)
                              C:/ST/STM32CubeIDE_2.1.1/STM32CubeIDE/plugins/com.st.stm32cube.ide.mcu.externaltools.gnu-tools-for-stm32.14.3.rel1.win32_1.0.100.202602081740/tools/bin/../lib/gcc/arm-none-eabi/14.3.1/../../../../arm-none-eabi/lib/thumb/v7e-m+fp/hard/crt0.o (exit)
C:/ST/STM32CubeIDE_2.1.1/STM32CubeIDE/plugins/com.st.stm32cube.ide.mcu.externaltools.gnu-tools-for-stm32.14.3.rel1.win32_1.0.100.202602081740/tools/bin/../lib/gcc/arm-none-eabi/14.3.1/../../../../arm-none-eabi/lib/thumb/v7e-m+fp/hard\libc_nano.a(libc_a-nano-vfprintf_float.o)
                              (_printf_float)
C:/ST/STM32CubeIDE_2.1.1/STM32CubeIDE/plugins/com.st.stm32cube.ide.mcu.externaltools.gnu-tools-for-stm32.14.3.rel1.win32_1.0.100.202602081740/tools/bin/../lib/gcc/arm-none-eabi/14.3.1/../../../../arm-none-eabi/lib/thumb/v7e-m+fp/hard\libc_nano.a(libc_a-nano-vfprintf_i.o)
                              C:/ST/STM32CubeIDE_2.1.1/STM32CubeIDE/plugins/com.st.stm32cube.ide.mcu.externaltools.gnu-tools-for-stm32.14.3.rel1.win32_1.0.100.202602081740/tools/bin/../lib/gcc/arm-none-eabi/14.3.1/../../../../arm-none-eabi/lib/thumb/v7e-m+fp/hard\libc_nano.a(libc_a-nano-vfprintf_float.o) (_printf_common)
C:/ST/STM32CubeIDE_2.1.1/STM32CubeIDE/plugins/com.st.stm32cube.ide.mcu.externaltools.gnu-tools-for-stm32.14.3.rel1.win32_1.0.100.202602081740/tools/bin/../lib/gcc/arm-none-eabi/14.3.1/../../../../arm-none-eabi/lib/thumb/v7e-m+fp/hard\libc_nano.a(libc_a-findfp.o)
                              C:/ST/STM32CubeIDE_2.1.1/STM32CubeIDE/plugins/com.st.stm32cube.ide.mcu.externaltools.gnu-tools-for-stm32.14.3.rel1.win32_1.0.100.202602081740/tools/bin/../lib/gcc/arm-none-eabi/14.3.1/../../../../arm-none-eabi/lib/thumb/v7e-m+fp/hard\libc_nano.a(libc_a-exit.o) (__stdio_exit_handler)
C:/ST/STM32CubeIDE_2.1.1/STM32CubeIDE/plugins/com.st.stm32cube.ide.mcu.externaltools.gnu-tools-for-stm32.14.3.rel1.win32_1.0.100.202602081740/tools/bin/../lib/gcc/arm-none-eabi/14.3.1/../../../../arm-none-eabi/lib/thumb/v7e-m+fp/hard\libc_nano.a(libc_a-fwalk.o)
                              C:/ST/STM32CubeIDE_2.1.1/STM32CubeIDE/plugins/com.st.stm32cube.ide.mcu.externaltools.gnu-tools-for-stm32.14.3.rel1.win32_1.0.100.202602081740/tools/bin/../lib/gcc/arm-none-eabi/14.3.1/../../../../arm-none-eabi/lib/thumb/v7e-m+fp/hard\libc_nano.a(libc_a-findfp.o) (_fwalk_sglue)
C:/ST/STM32CubeIDE_2.1.1/STM32CubeIDE/plugins/com.st.stm32cube.ide.mcu.externaltools.gnu-tools-for-stm32.14.3.rel1.win32_1.0.100.202602081740/tools/bin/../lib/gcc/arm-none-eabi/14.3.1/../../../../arm-none-eabi/lib/thumb/v7e-m+fp/hard\libc_nano.a(libc_a-snprintf.o)
                              ./Core/Src/main.o (snprintf)
C:/ST/STM32CubeIDE_2.1.1/STM32CubeIDE/plugins/com.st.stm32cube.ide.mcu.externaltools.gnu-tools-for-stm32.14.3.rel1.win32_1.0.100.202602081740/tools/bin/../lib/gcc/arm-none-eabi/14.3.1/../../../../arm-none-eabi/lib/thumb/v7e-m+fp/hard\libc_nano.a(libc_a-stdio.o)
                              C:/ST/STM32CubeIDE_2.1.1/STM32CubeIDE/plugins/com.st.stm32cube.ide.mcu.externaltools.gnu-tools-for-stm32.14.3.rel1.win32_1.0.100.202602081740/tools/bin/../lib/gcc/arm-none-eabi/14.3.1/../../../../arm-none-eabi/lib/thumb/v7e-m+fp/hard\libc_nano.a(libc_a-findfp.o) (__sread)
C:/ST/STM32CubeIDE_2.1.1/STM32CubeIDE/plugins/com.st.stm32cube.ide.mcu.externaltools.gnu-tools-for-stm32.14.3.rel1.win32_1.0.100.202602081740/tools/bin/../lib/gcc/arm-none-eabi/14.3.1/../../../../arm-none-eabi/lib/thumb/v7e-m+fp/hard\libc_nano.a(libc_a-memset.o)
                              C:/ST/STM32CubeIDE_2.1.1/STM32CubeIDE/plugins/com.st.stm32cube.ide.mcu.externaltools.gnu-tools-for-stm32.14.3.rel1.win32_1.0.100.202602081740/tools/bin/../lib/gcc/arm-none-eabi/14.3.1/../../../../arm-none-eabi/lib/thumb/v7e-m+fp/hard/crt0.o (memset)
C:/ST/STM32CubeIDE_2.1.1/STM32CubeIDE/plugins/com.st.stm32cube.ide.mcu.externaltools.gnu-tools-for-stm32.14.3.rel1.win32_1.0.100.202602081740/tools/bin/../lib/gcc/arm-none-eabi/14.3.1/../../../../arm-none-eabi/lib/thumb/v7e-m+fp/hard\libc_nano.a(libc_a-localeconv.o)
                              C:/ST/STM32CubeIDE_2.1.1/STM32CubeIDE/plugins/com.st.stm32cube.ide.mcu.externaltools.gnu-tools-for-stm32.14.3.rel1.win32_1.0.100.202602081740/tools/bin/../lib/gcc/arm-none-eabi/14.3.1/../../../../arm-none-eabi/lib/thumb/v7e-m+fp/hard\libc_nano.a(libc_a-nano-vfprintf_float.o) (_localeconv_r)
C:/ST/STM32CubeIDE_2.1.1/STM32CubeIDE/plugins/com.st.stm32cube.ide.mcu.externaltools.gnu-tools-for-stm32.14.3.rel1.win32_1.0.100.202602081740/tools/bin/../lib/gcc/arm-none-eabi/14.3.1/../../../../arm-none-eabi/lib/thumb/v7e-m+fp/hard\libc_nano.a(libc_a-closer.o)
[...]
Memory Configuration

Name             Origin             Length             Attributes
RAM              0x20000000         0x00020000         xrw
FLASH            0x08000000         0x00080000         xr
*default*        0x00000000         0xffffffff

Linker script and memory map

LOAD C:/ST/STM32CubeIDE_2.1.1/STM32CubeIDE/plugins/com.st.stm32cube.ide.mcu.externaltools.gnu-tools-for-stm32.14.3.rel1.win32_1.0.100.202602081740/tools/bin/../lib/gcc/arm-none-eabi/14.3.1/thumb/v7e-m+fp/hard/crti.o
LOAD C:/ST/STM32CubeIDE_2.1.1/STM32CubeIDE/plugins/com.st.stm32cube.ide.mcu.externaltools.gnu-tools-for-stm32.14.3.rel1.win32_1.0.100.202602081740/tools/bin/../lib/gcc/arm-none-eabi/14.3.1/thumb/v7e-m+fp/hard/crtbegin.o
LOAD C:/ST/STM32CubeIDE_2.1.1/STM32CubeIDE/plugins/com.st.stm32cube.ide.mcu.externaltools.gnu-tools-for-stm32.14.3.rel1.win32_1.0.100.202602081740/tools/bin/../lib/gcc/arm-none-eabi/14.3.1/../../../../arm-none-eabi/lib/thumb/v7e-m+fp/hard/crt0.o
LOAD ./Core/Src/freertos.o
LOAD ./Core/Src/main.o
LOAD ./Core/Src/stm32f4xx_hal_msp.o
LOAD ./Core/Src/stm32f4xx_hal_timebase_tim.o
LOAD ./Core/Src/stm32f4xx_it.o
LOAD ./Core/Src/syscalls.o
LOAD ./Core/Src/sysmem.o
LOAD ./Core/Src/system_stm32f4xx.o
LOAD ./Core/Startup/startup_stm32f446retx.o
LOAD ./Drivers/STM32F4xx_HAL_Driver/Src/stm32f4xx_hal.o
LOAD ./Drivers/STM32F4xx_HAL_Driver/Src/stm32f4xx_hal_can.o
LOAD ./Drivers/STM32F4xx_HAL_Driver/Src/stm32f4xx_hal_cortex.o
LOAD ./Drivers/STM32F4xx_HAL_Driver/Src/stm32f4xx_hal_dma.o
LOAD ./Drivers/STM32F4xx_HAL_Driver/Src/stm32f4xx_hal_dma_ex.o
LOAD ./Drivers/STM32F4xx_HAL_Driver/Src/stm32f4xx_hal_exti.o
LOAD ./Drivers/STM32F4xx_HAL_Driver/Src/stm32f4xx_hal_flash.o
LOAD ./Drivers/STM32F4xx_HAL_Driver/Src/stm32f4xx_hal_flash_ex.o
LOAD ./Drivers/STM32F4xx_HAL_Driver/Src/stm32f4xx_hal_flash_ramfunc.o
LOAD ./Drivers/STM32F4xx_HAL_Driver/Src/stm32f4xx_hal_gpio.o
LOAD ./Drivers/STM32F4xx_HAL_Driver/Src/stm32f4xx_hal_i2c.o
LOAD ./Drivers/STM32F4xx_HAL_Driver/Src/stm32f4xx_hal_i2c_ex.o
LOAD ./Drivers/STM32F4xx_HAL_Driver/Src/stm32f4xx_hal_pwr.o
LOAD ./Drivers/STM32F4xx_HAL_Driver/Src/stm32f4xx_hal_pwr_ex.o
LOAD ./Drivers/STM32F4xx_HAL_Driver/Src/stm32f4xx_hal_rcc.o
LOAD ./Drivers/STM32F4xx_HAL_Driver/Src/stm32f4xx_hal_rcc_ex.o
LOAD ./Drivers/STM32F4xx_HAL_Driver/Src/stm32f4xx_hal_spi.o
LOAD ./Drivers/STM32F4xx_HAL_Driver/Src/stm32f4xx_hal_tim.o
LOAD ./Drivers/STM32F4xx_HAL_Driver/Src/stm32f4xx_hal_tim_ex.o
LOAD ./Drivers/STM32F4xx_HAL_Driver/Src/stm32f4xx_hal_uart.o
LOAD ./FATFS/App/fatfs.o
LOAD ./FATFS/Target/user_diskio.o
LOAD ./Middlewares/Third_Party/FatFs/src/diskio.o
LOAD ./Middlewares/Third_Party/FatFs/src/ff.o
LOAD ./Middlewares/Third_Party/FatFs/src/ff_gen_drv.o
LOAD ./Middlewares/Third_Party/FatFs/src/option/syscall.o
LOAD ./Middlewares/Third_Party/FreeRTOS/Source/CMSIS_RTOS_V2/cmsis_os2.o
LOAD ./Middlewares/Third_Party/FreeRTOS/Source/croutine.o
LOAD ./Middlewares/Third_Party/FreeRTOS/Source/event_groups.o
LOAD ./Middlewares/Third_Party/FreeRTOS/Source/list.o
LOAD ./Middlewares/Third_Party/FreeRTOS/Source/queue.o
LOAD ./Middlewares/Third_Party/FreeRTOS/Source/stream_buffer.o
LOAD ./Middlewares/Third_Party/FreeRTOS/Source/tasks.o
LOAD ./Middlewares/Third_Party/FreeRTOS/Source/timers.o
LOAD ./Middlewares/Third_Party/FreeRTOS/Source/portable/GCC/ARM_CM4F/port.o
LOAD ./Middlewares/Third_Party/FreeRTOS/Source/portable/MemMang/heap_4.o
START GROUP
LOAD C:/ST/STM32CubeIDE_2.1.1/STM32CubeIDE/plugins/com.st.stm32cube.ide.mcu.externaltools.gnu-tools-for-stm32.14.3.rel1.win32_1.0.100.202602081740/tools/bin/../lib/gcc/arm-none-eabi/14.3.1/../../../../arm-none-eabi/lib/thumb/v7e-m+fp/hard\libc_nano.a
LOAD C:/ST/STM32CubeIDE_2.1.1/STM32CubeIDE/plugins/com.st.stm32cube.ide.mcu.externaltools.gnu-tools-for-stm32.14.3.rel1.win32_1.0.100.202602081740/tools/bin/../lib/gcc/arm-none-eabi/14.3.1/../../../../arm-none-eabi/lib/thumb/v7e-m+fp/hard\libm.a
END GROUP
START GROUP
LOAD C:/ST/STM32CubeIDE_2.1.1/STM32CubeIDE/plugins/com.st.stm32cube.ide.mcu.externaltools.gnu-tools-for-stm32.14.3.rel1.win32_1.0.100.202602081740/tools/bin/../lib/gcc/arm-none-eabi/14.3.1/thumb/v7e-m+fp/hard\libgcc.a
LOAD C:/ST/STM32CubeIDE_2.1.1/STM32CubeIDE/plugins/com.st.stm32cube.ide.mcu.externaltools.gnu-tools-for-stm32.14.3.rel1.win32_1.0.100.202602081740/tools/bin/../lib/gcc/arm-none-eabi/14.3.1/../../../../arm-none-eabi/lib/thumb/v7e-m+fp/hard\libc_nano.a
END GROUP
START GROUP
LOAD C:/ST/STM32CubeIDE_2.1.1/STM32CubeIDE/plugins/com.st.stm32cube.ide.mcu.externaltools.gnu-tools-for-stm32.14.3.rel1.win32_1.0.100.202602081740/tools/bin/../lib/gcc/arm-none-eabi/14.3.1/thumb/v7e-m+fp/hard\libgcc.a
LOAD C:/ST/STM32CubeIDE_2.1.1/STM32CubeIDE/plugins/com.st.stm32cube.ide.mcu.externaltools.gnu-tools-for-stm32.14.3.rel1.win32_1.0.100.202602081740/tools/bin/../lib/gcc/arm-none-eabi/14.3.1/../../../../arm-none-eabi/lib/thumb/v7e-m+fp/hard\libc_nano.a
LOAD C:/ST/STM32CubeIDE_2.1.1/STM32CubeIDE/plugins/com.st.stm32cube.ide.mcu.externaltools.gnu-tools-for-stm32.14.3.rel1.win32_1.0.100.202602081740/tools/bin/../lib/gcc/arm-none-eabi/14.3.1/../../../../arm-none-eabi/lib/thumb/v7e-m+fp/hard\libnosys.a
END GROUP
START GROUP
LOAD C:/ST/STM32CubeIDE_2.1.1/STM32CubeIDE/plugins/com.st.stm32cube.ide.mcu.externaltools.gnu-tools-for-stm32.14.3.rel1.win32_1.0.100.202602081740/tools/bin/../lib/gcc/arm-none-eabi/14.3.1/thumb/v7e-m+fp/hard\libgcc.a
LOAD C:/ST/STM32CubeIDE_2.1.1/STM32CubeIDE/plugins/com.st.stm32cube.ide.mcu.externaltools.gnu-tools-for-stm32.14.3.rel1.win32_1.0.100.202602081740/tools/bin/../lib/gcc/arm-none-eabi/14.3.1/../../../../arm-none-eabi/lib/thumb/v7e-m+fp/hard\libc_nano.a
LOAD C:/ST/STM32CubeIDE_2.1.1/STM32CubeIDE/plugins/com.st.stm32cube.ide.mcu.externaltools.gnu-tools-for-stm32.14.3.rel1.win32_1.0.100.202602081740/tools/bin/../lib/gcc/arm-none-eabi/14.3.1/../../../../arm-none-eabi/lib/thumb/v7e-m+fp/hard\libnosys.a
END GROUP
LOAD C:/ST/STM32CubeIDE_2.1.1/STM32CubeIDE/plugins/com.st.stm32cube.ide.mcu.externaltools.gnu-tools-for-stm32.14.3.rel1.win32_1.0.100.202602081740/tools/bin/../lib/gcc/arm-none-eabi/14.3.1/thumb/v7e-m+fp/hard/crtend.o
LOAD C:/ST/STM32CubeIDE_2.1.1/STM32CubeIDE/plugins/com.st.stm32cube.ide.mcu.externaltools.gnu-tools-for-stm32.14.3.rel1.win32_1.0.100.202602081740/tools/bin/../lib/gcc/arm-none-eabi/14.3.1/thumb/v7e-m+fp/hard/crtn.o
                0x20020000                        _estack = (ORIGIN (RAM) + LENGTH (RAM))
                0x00000200                        _Min_Heap_Size = 0x200
                0x00000400                        _Min_Stack_Size = 0x400

.isr_vector     0x08000000      0x1c4
                0x08000000                        . = ALIGN (0x4)
 *(.isr_vector)
 .isr_vector    0x08000000      0x1c4 ./Core/Startup/startup_stm32f446retx.o
                0x08000000                g_pfnVectors
                0x080001c4                        . = ALIGN (0x4)

.text           0x080001d0    0x10588
                0x080001d0                        . = ALIGN (0x4)
 *(.text)
 .text          0x080001d0       0x40 C:/ST/STM32CubeIDE_2.1.1/STM32CubeIDE/plugins/com.st.stm32cube.ide.mcu.externaltools.gnu-tools-for-stm32.14.3.rel1.win32_1.0.100.202602081740/tools/bin/../lib/gcc/arm-none-eabi/14.3.1/thumb/v7e-m+fp/hard/crtbegin.o
 .text          0x08000210       0xa0 C:/ST/STM32CubeIDE_2.1.1/STM32CubeIDE/plugins/com.st.stm32cube.ide.mcu.externaltools.gnu-tools-for-stm32.14.3.rel1.win32_1.0.100.202602081740/tools/bin/../lib/gcc/arm-none-eabi/14.3.1/../../../../arm-none-eabi/lib/thumb/v7e-m+fp/hard\libc_nano.a(libc_a-memchr.o)
                0x08000210                memchr
 .text          0x080002b0       0x10 C:/ST/STM32CubeIDE_2.1.1/STM32CubeIDE/plugins/com.st.stm32cube.ide.mcu.externaltools.gnu-tools-for-stm32.14.3.rel1.win32_1.0.100.202602081740/tools/bin/../lib/gcc/arm-none-eabi/14.3.1/../../../../arm-none-eabi/lib/thumb/v7e-m+fp/hard\libc_nano.a(libc_a-strlen.o)
                0x080002b0                strlen
 .text          0x080002c0      0x378 C:/ST/STM32CubeIDE_2.1.1/STM32CubeIDE/plugins/com.st.stm32cube.ide.mcu.externaltools.gnu-tools-for-stm32.14.3.rel1.win32_1.0.100.202602081740/tools/bin/../lib/gcc/arm-none-eabi/14.3.1/thumb/v7e-m+fp/hard\libgcc.a(_arm_addsubdf3.o)
                0x080002c0                __aeabi_drsub
                0x080002c8                __aeabi_dsub
                0x080002c8                __subdf3
                0x080002cc                __aeabi_dadd
                0x080002cc                __adddf3
                0x08000544                __floatunsidf
                0x08000544                __aeabi_ui2d
                0x08000564                __floatsidf
                0x08000564                __aeabi_i2d
                0x08000588                __aeabi_f2d
                0x08000588                __extendsfdf2
                0x080005cc                __floatundidf
                0x080005cc                __aeabi_ul2d
                0x080005dc                __floatdidf
                0x080005dc                __aeabi_l2d
 .text          0x08000638      0x424 C:/ST/STM32CubeIDE_2.1.1/STM32CubeIDE/plugins/com.st.stm32cube.ide.mcu.externaltools.gnu-tools-for-stm32.14.3.rel1.win32_1.0.100.202602081740/tools/bin/../lib/gcc/arm-none-eabi/14.3.1/thumb/v7e-m+fp/hard\libgcc.a(_arm_muldivdf3.o)
                0x08000638                __aeabi_dmul
                0x08000638                __muldf3
                0x0800088c                __divdf3
                0x0800088c                __aeabi_ddiv
 .text          0x08000a5c      0x110 C:/ST/STM32CubeIDE_2.1.1/STM32CubeIDE/plugins/com.st.stm32cube.ide.mcu.externaltools.gnu-tools-for-stm32.14.3.rel1.win32_1.0.100.202602081740/tools/bin/../lib/gcc/arm-none-eabi/14.3.1/thumb/v7e-m+fp/hard\libgcc.a(_arm_cmpdf2.o)
                0x08000a5c                __gtdf2
                0x08000a5c                __gedf2
                0x08000a64                __ltdf2
                0x08000a64                __ledf2
                0x08000a6c                __nedf2
                0x08000a6c                __eqdf2
                0x08000a6c                __cmpdf2
                0x08000ae8                __aeabi_cdrcmple
                0x08000af8                __aeabi_cdcmpeq
                0x08000af8                __aeabi_cdcmple
                0x08000b08                __aeabi_dcmpeq
                0x08000b1c                __aeabi_dcmplt
                0x08000b30                __aeabi_dcmple
                0x08000b44                __aeabi_dcmpge
                0x08000b58                __aeabi_dcmpgt
 .text          0x08000b6c       0x2c C:/ST/STM32CubeIDE_2.1.1/STM32CubeIDE/plugins/com.st.stm32cube.ide.mcu.externaltools.gnu-tools-for-stm32.14.3.rel1.win32_1.0.100.202602081740/tools/bin/../lib/gcc/arm-none-eabi/14.3.1/thumb/v7e-m+fp/hard\libgcc.a(_arm_unorddf2.o)
                0x08000b6c                __unorddf2
                0x08000b6c                __aeabi_dcmpun
 .text          0x08000b98       0x50 C:/ST/STM32CubeIDE_2.1.1/STM32CubeIDE/plugins/com.st.stm32cube.ide.mcu.externaltools.gnu-tools-for-stm32.14.3.rel1.win32_1.0.100.202602081740/tools/bin/../lib/gcc/arm-none-eabi/14.3.1/thumb/v7e-m+fp/hard\libgcc.a(_arm_fixdfsi.o)
                0x08000b98                __aeabi_d2iz
                0x08000b98                __fixdfsi
 .text          0x08000be8      0x21c C:/ST/STM32CubeIDE_2.1.1/STM32CubeIDE/plugins/com.st.stm32cube.ide.mcu.externaltools.gnu-tools-for-stm32.14.3.rel1.win32_1.0.100.202602081740/tools/bin/../lib/gcc/arm-none-eabi/14.3.1/thumb/v7e-m+fp/hard\libgcc.a(_arm_addsubsf3.o)
                0x08000be8                __aeabi_frsub
                0x08000bf0                __subsf3
                0x08000bf0                __aeabi_fsub
                0x08000bf4                __aeabi_fadd
                0x08000bf4                __addsf3
                0x08000d54                __aeabi_ui2f
                0x08000d54                __floatunsisf
                0x08000d5c                __aeabi_i2f
                0x08000d5c                __floatsisf
                0x08000d78                __aeabi_ul2f
                0x08000d78                __floatundisf
                0x08000d88                __aeabi_l2f
                0x08000d88                __floatdisf
 .text          0x08000e04       0xa0 C:/ST/STM32CubeIDE_2.1.1/STM32CubeIDE/plugins/com.st.stm32cube.ide.mcu.externaltools.gnu-tools-for-stm32.14.3.rel1.win32_1.0.100.202602081740/tools/bin/../lib/gcc/arm-none-eabi/14.3.1/thumb/v7e-m+fp/hard\libgcc.a(_aeabi_ldivmod.o)
                0x08000e04                __aeabi_ldivmod
 .text          0x08000ea4       0x30 C:/ST/STM32CubeIDE_2.1.1/STM32CubeIDE/plugins/com.st.stm32cube.ide.mcu.externaltools.gnu-tools-for-stm32.14.3.rel1.win32_1.0.100.202602081740/tools/bin/../lib/gcc/arm-none-eabi/14.3.1/thumb/v7e-m+fp/hard\libgcc.a(_aeabi_uldivmod.o)
                0x08000ea4                __aeabi_uldivmod
 .text          0x08000ed4      0x2f8 C:/ST/STM32CubeIDE_2.1.1/STM32CubeIDE/plugins/com.st.stm32cube.ide.mcu.externaltools.gnu-tools-for-stm32.14.3.rel1.win32_1.0.100.202602081740/tools/bin/../lib/gcc/arm-none-eabi/14.3.1/thumb/v7e-m+fp/hard\libgcc.a(_udivmoddi4.o)
                0x08000ed4                __udivmoddi4
 .text          0x080011cc        0x4 C:/ST/STM32CubeIDE_2.1.1/STM32CubeIDE/plugins/com.st.stm32cube.ide.mcu.externaltools.gnu-tools-for-stm32.14.3.rel1.win32_1.0.100.202602081740/tools/bin/../lib/gcc/arm-none-eabi/14.3.1/thumb/v7e-m+fp/hard\libgcc.a(_dvmd_tls.o)
                0x080011cc                __aeabi_idiv0
                0x080011cc                __aeabi_ldiv0
 *(.text*)
 .text.main     0x080011d0      0x1e4 ./Core/Src/main.o
                0x080011d0                main
 .text.SystemClock_Config
                0x080013b4       0xe4 ./Core/Src/main.o
                0x080013b4                SystemClock_Config
 .text.MX_CAN1_Init
                0x08001498       0x94 ./Core/Src/main.o
 .text.MX_CAN2_Init
                0x0800152c       0xcc ./Core/Src/main.o
 .text.MX_I2C1_Init
                0x080015f8       0x5c ./Core/Src/main.o
 .text.MX_SPI1_Init
                0x08001654       0x6c ./Core/Src/main.o
 .text.MX_USART2_UART_Init
                0x080016c0       0x54 ./Core/Src/main.o
 .text.MX_GPIO_Init
                0x08001714       0xa0 ./Core/Src/main.o
 .text.BME280_ReadCalibration
                0x080017b4      0x12c ./Core/Src/main.o
                0x080017b4                BME280_ReadCalibration
 .text.BME280_ReadPressureCalibration
                0x080018e0      0x110 ./Core/Src/main.o
                0x080018e0                BME280_ReadPressureCalibration
 .text.BME280_ReadHumidityCalibration
                0x080019f0       0xd0 ./Core/Src/main.o
                0x080019f0                BME280_ReadHumidityCalibration
 .text.BME280_Init
                0x08001ac0       0x44 ./Core/Src/main.o
                0x08001ac0                BME280_Init
 .text.BME280_ReadRawTemperature
                0x08001b04       0x48 ./Core/Src/main.o
                0x08001b04                BME280_ReadRawTemperature
 .text.BME280_ReadRawPressure
                0x08001b4c       0x48 ./Core/Src/main.o
                0x08001b4c                BME280_ReadRawPressure
 .text.BME280_ReadRawHumidity
                0x08001b94       0x40 ./Core/Src/main.o
                0x08001b94                BME280_ReadRawHumidity
 .text.BME280_GetTemperature
                0x08001bd4       0x90 ./Core/Src/main.o
                0x08001bd4                BME280_GetTemperature
 .text.BME280_GetPressure
                0x08001c64      0x5fc ./Core/Src/main.o
                0x08001c64                BME280_GetPressure
 .text.BME280_GetHumidity
                0x08002260      0x144 ./Core/Src/main.o
                0x08002260                BME280_GetHumidity
 .text.StartDefaultTask
                0x080023a4       0x10 ./Core/Src/main.o
                0x080023a4                StartDefaultTask
 .text.StartSensorTask
                0x080023b4      0x164 ./Core/Src/main.o
                0x080023b4                StartSensorTask
 .text.StartCANTxTask
                0x08002518      0x168 ./Core/Src/main.o
                0x08002518                StartCANTxTask
 .text.StartCANRxTask
                0x08002680      0x128 ./Core/Src/main.o
                0x08002680                StartCANRxTask
 .text.StartErrorTask
                0x080027a8       0x10 ./Core/Src/main.o
                0x080027a8                StartErrorTask
 .text.StartLogTask
                0x080027b8      0x1e0 ./Core/Src/main.o
                0x080027b8                StartLogTask
 .text.StartUARTTask
                0x08002998       0x10 ./Core/Src/main.o
                0x08002998                StartUARTTask
 .text.Error_Handler
                0x080029a8        0xc ./Core/Src/main.o
                0x080029a8                Error_Handler
 .text.HAL_MspInit
                0x080029b4       0x58 ./Core/Src/stm32f4xx_hal_msp.o
                0x080029b4                HAL_MspInit
 .text.HAL_CAN_MspInit
                0x08002a0c      0x164 ./Core/Src/stm32f4xx_hal_msp.o
                0x08002a0c                HAL_CAN_MspInit
 .text.HAL_I2C_MspInit
                0x08002b70       0x90 ./Core/Src/stm32f4xx_hal_msp.o
                0x08002b70                HAL_I2C_MspInit
 .text.HAL_SPI_MspInit
                0x08002c00       0xac ./Core/Src/stm32f4xx_hal_msp.o
                0x08002c00                HAL_SPI_MspInit
 .text.HAL_UART_MspInit
                0x08002cac       0x90 ./Core/Src/stm32f4xx_hal_msp.o
                0x08002cac                HAL_UART_MspInit
 .text.HAL_InitTick
                0x08002d3c       0xe8 ./Core/Src/stm32f4xx_hal_timebase_tim.o
                0x08002d3c                HAL_InitTick
 .text.NMI_Handler
                0x08002e24        0x8 ./Core/Src/stm32f4xx_it.o
                0x08002e24                NMI_Handler
 .text.HardFault_Handler
                0x08002e2c        0x8 ./Core/Src/stm32f4xx_it.o
                0x08002e2c                HardFault_Handler
 .text.MemManage_Handler
                0x08002e34        0x8 ./Core/Src/stm32f4xx_it.o
                0x08002e34                MemManage_Handler
 .text.BusFault_Handler
                0x08002e3c        0x8 ./Core/Src/stm32f4xx_it.o
                0x08002e3c                BusFault_Handler
 .text.UsageFault_Handler
                0x08002e44        0x8 ./Core/Src/stm32f4xx_it.o
                0x08002e44                UsageFault_Handler
 .text.DebugMon_Handler
                0x08002e4c        0xe ./Core/Src/stm32f4xx_it.o
                0x08002e4c                DebugMon_Handler
 *fill*         0x08002e5a        0x2 
 .text.TIM1_UP_TIM10_IRQHandler
                0x08002e5c       0x14 ./Core/Src/stm32f4xx_it.o
                0x08002e5c                TIM1_UP_TIM10_IRQHandler
 .text._getpid  0x08002e70       0x10 ./Core/Src/syscalls.o
                0x08002e70                _getpid
 .text._kill    0x08002e80       0x20 ./Core/Src/syscalls.o
                0x08002e80                _kill
 .text._exit    0x08002ea0       0x16 ./Core/Src/syscalls.o
                0x08002ea0                _exit
 .text._read    0x08002eb6       0x3a ./Core/Src/syscalls.o
                0x08002eb6                _read
 .text._write   0x08002ef0       0x38 ./Core/Src/syscalls.o
                0x08002ef0                _write
 .text._close   0x08002f28       0x18 ./Core/Src/syscalls.o
                0x08002f28                _close
 .text._fstat   0x08002f40       0x20 ./Core/Src/syscalls.o
                0x08002f40                _fstat
 .text._isatty  0x08002f60       0x16 ./Core/Src/syscalls.o
                0x08002f60                _isatty
 .text._lseek   0x08002f76       0x1a ./Core/Src/syscalls.o
                0x08002f76                _lseek
 .text._sbrk    0x08002f90       0x6c ./Core/Src/sysmem.o
                0x08002f90                _sbrk
 .text.SystemInit
                0x08002ffc       0x24 ./Core/Src/system_stm32f4xx.o
                0x08002ffc                SystemInit
 .text.Reset_Handler
                0x08003020       0x50 ./Core/Startup/startup_stm32f446retx.o
                0x08003020                Reset_Handler
 .text.Default_Handler
                0x08003070        0x2 ./Core/Startup/startup_stm32f446retx.o
                0x08003070                RTC_Alarm_IRQHandler
                0x08003070                EXTI2_IRQHandler
                0x08003070                TIM8_CC_IRQHandler
                0x08003070                FMPI2C1_EV_IRQHandler
                0x08003070                SPI4_IRQHandler
                0x08003070                TIM1_CC_IRQHandler
                0x08003070                DMA2_Stream5_IRQHandler
                0x08003070                DMA1_Stream5_IRQHandler
                0x08003070                PVD_IRQHandler
                0x08003070                SDIO_IRQHandler
                0x08003070                TAMP_STAMP_IRQHandler
                0x08003070                CAN2_RX1_IRQHandler
                0x08003070                EXTI3_IRQHandler
                0x08003070                TIM8_TRG_COM_TIM14_IRQHandler
                0x08003070                TIM8_UP_TIM13_IRQHandler
                0x08003070                I2C3_ER_IRQHandler
                0x08003070                EXTI0_IRQHandler
                0x08003070                I2C2_EV_IRQHandler
                0x08003070                DMA1_Stream2_IRQHandler
                0x08003070                CAN1_RX0_IRQHandler
                0x08003070                FPU_IRQHandler
                0x08003070                OTG_HS_WKUP_IRQHandler
                0x08003070                CAN2_SCE_IRQHandler
                0x08003070                DMA2_Stream2_IRQHandler
                0x08003070                SPI1_IRQHandler
                0x08003070                TIM6_DAC_IRQHandler
                0x08003070                TIM1_BRK_TIM9_IRQHandler
                0x08003070                DCMI_IRQHandler
                0x08003070                CAN2_RX0_IRQHandler
                0x08003070                DMA2_Stream3_IRQHandler
                0x08003070                SAI2_IRQHandler
                0x08003070                USART6_IRQHandler
                0x08003070                USART3_IRQHandler
                0x08003070                CAN1_RX1_IRQHandler
                0x08003070                UART5_IRQHandler
                0x08003070                DMA2_Stream0_IRQHandler
                0x08003070                TIM4_IRQHandler
                0x08003070                QUADSPI_IRQHandler
                0x08003070                I2C1_EV_IRQHandler
                0x08003070                DMA1_Stream6_IRQHandler
                0x08003070                DMA1_Stream1_IRQHandler
                0x08003070                UART4_IRQHandler
                0x08003070                TIM3_IRQHandler
                0x08003070                RCC_IRQHandler
                0x08003070                TIM8_BRK_TIM12_IRQHandler
                0x08003070                Default_Handler
                0x08003070                CEC_IRQHandler
                0x08003070                EXTI15_10_IRQHandler
                0x08003070                ADC_IRQHandler
                0x08003070                DMA1_Stream7_IRQHandler
                0x08003070                TIM7_IRQHandler
                0x08003070                CAN2_TX_IRQHandler
                0x08003070                TIM5_IRQHandler
                0x08003070                DMA2_Stream7_IRQHandler
                0x08003070                I2C3_EV_IRQHandler
                0x08003070                EXTI9_5_IRQHandler
                0x08003070                RTC_WKUP_IRQHandler
                0x08003070                SPDIF_RX_IRQHandler
                0x08003070                SPI2_IRQHandler
                0x08003070                OTG_HS_EP1_IN_IRQHandler
                0x08003070                DMA1_Stream0_IRQHandler
                0x08003070                CAN1_TX_IRQHandler
                0x08003070                FMPI2C1_ER_IRQHandler
                0x08003070                EXTI4_IRQHandler
                0x08003070                OTG_HS_EP1_OUT_IRQHandler
                0x08003070                WWDG_IRQHandler
                0x08003070                TIM2_IRQHandler
                0x08003070                OTG_FS_WKUP_IRQHandler
                0x08003070                TIM1_TRG_COM_TIM11_IRQHandler
                0x08003070                OTG_HS_IRQHandler
                0x08003070                EXTI1_IRQHandler
                0x08003070                USART2_IRQHandler
                0x08003070                I2C2_ER_IRQHandler
                0x08003070                DMA2_Stream1_IRQHandler
                0x08003070                CAN1_SCE_IRQHandler
                0x08003070                FLASH_IRQHandler
                0x08003070                DMA2_Stream4_IRQHandler
                0x08003070                USART1_IRQHandler
                0x08003070                OTG_FS_IRQHandler
                0x08003070                SPI3_IRQHandler
                0x08003070                DMA1_Stream4_IRQHandler
                0x08003070                I2C1_ER_IRQHandler
                0x08003070                FMC_IRQHandler
                0x08003070                DMA2_Stream6_IRQHandler
                0x08003070                SAI1_IRQHandler
                0x08003070                DMA1_Stream3_IRQHandler
 *fill*         0x08003072        0x2 
 .text.HAL_Init
                0x08003074       0x44 ./Drivers/STM32F4xx_HAL_Driver/Src/stm32f4xx_hal.o
                0x08003074                HAL_Init
 .text.HAL_GetTick
                0x080030b8       0x18 ./Drivers/STM32F4xx_HAL_Driver/Src/stm32f4xx_hal.o
                0x080030b8                HAL_GetTick
 .text.HAL_CAN_Init
                0x080030d0      0x1f6 ./Drivers/STM32F4xx_HAL_Driver/Src/stm32f4xx_hal_can.o
                0x080030d0                HAL_CAN_Init
 *fill*         0x080032c6        0x2 
 .text.HAL_CAN_ConfigFilter
                0x080032c8      0x1bc ./Drivers/STM32F4xx_HAL_Driver/Src/stm32f4xx_hal_can.o
                0x080032c8                HAL_CAN_ConfigFilter
 .text.HAL_CAN_Start
                0x08003484       0x88 ./Drivers/STM32F4xx_HAL_Driver/Src/stm32f4xx_hal_can.o
                0x08003484                HAL_CAN_Start
 .text.HAL_CAN_AddTxMessage
                0x0800350c      0x1a0 ./Drivers/STM32F4xx_HAL_Driver/Src/stm32f4xx_hal_can.o
                0x0800350c                HAL_CAN_AddTxMessage
 .text.HAL_CAN_GetTxMailboxesFreeLevel
                0x080036ac       0x6a ./Drivers/STM32F4xx_HAL_Driver/Src/stm32f4xx_hal_can.o
                0x080036ac                HAL_CAN_GetTxMailboxesFreeLevel
 .text.HAL_CAN_GetRxMessage
                0x08003716      0x244 ./Drivers/STM32F4xx_HAL_Driver/Src/stm32f4xx_hal_can.o
                0x08003716                HAL_CAN_GetRxMessage
 .text.HAL_CAN_GetRxFifoFillLevel
                0x0800395a       0x50 ./Drivers/STM32F4xx_HAL_Driver/Src/stm32f4xx_hal_can.o
                0x0800395a                HAL_CAN_GetRxFifoFillLevel
 .text.HAL_CAN_ActivateNotification
                0x080039aa       0x4c ./Drivers/STM32F4xx_HAL_Driver/Src/stm32f4xx_hal_can.o
                0x080039aa                HAL_CAN_ActivateNotification
 .text.HAL_CAN_GetState
                0x080039f6       0x50 ./Drivers/STM32F4xx_HAL_Driver/Src/stm32f4xx_hal_can.o
                0x080039f6                HAL_CAN_GetState
 *fill*         0x08003a46        0x2 
 .text.__NVIC_SetPriorityGrouping
                0x08003a48       0x48 ./Drivers/STM32F4xx_HAL_Driver/Src/stm32f4xx_hal_cortex.o
 .text.__NVIC_GetPriorityGrouping
                0x08003a90       0x1c ./Drivers/STM32F4xx_HAL_Driver/Src/stm32f4xx_hal_cortex.o
 .text.__NVIC_EnableIRQ
                0x08003aac       0x3c ./Drivers/STM32F4xx_HAL_Driver/Src/stm32f4xx_hal_cortex.o
 .text.__NVIC_SetPriority
                0x08003ae8       0x54 ./Drivers/STM32F4xx_HAL_Driver/Src/stm32f4xx_hal_cortex.o
 .text.NVIC_EncodePriority
                0x08003b3c       0x66 ./Drivers/STM32F4xx_HAL_Driver/Src/stm32f4xx_hal_cortex.o
 .text.HAL_NVIC_SetPriorityGrouping
                0x08003ba2       0x16 ./Drivers/STM32F4xx_HAL_Driver/Src/stm32f4xx_hal_cortex.o
                0x08003ba2                HAL_NVIC_SetPriorityGrouping
 .text.HAL_NVIC_SetPriority
                0x08003bb8       0x38 ./Drivers/STM32F4xx_HAL_Driver/Src/stm32f4xx_hal_cortex.o
                0x08003bb8                HAL_NVIC_SetPriority
 .text.HAL_NVIC_EnableIRQ
                0x08003bf0       0x1c ./Drivers/STM32F4xx_HAL_Driver/Src/stm32f4xx_hal_cortex.o
                0x08003bf0                HAL_NVIC_EnableIRQ
 .text.HAL_GPIO_Init
                0x08003c0c      0x328 ./Drivers/STM32F4xx_HAL_Driver/Src/stm32f4xx_hal_gpio.o
                0x08003c0c                HAL_GPIO_Init
 .text.HAL_GPIO_WritePin
                0x08003f34       0x32 ./Drivers/STM32F4xx_HAL_Driver/Src/stm32f4xx_hal_gpio.o
                0x08003f34                HAL_GPIO_WritePin
 *fill*         0x08003f66        0x2 
 .text.HAL_I2C_Init
                0x08003f68      0x288 ./Drivers/STM32F4xx_HAL_Driver/Src/stm32f4xx_hal_i2c.o
                0x08003f68                HAL_I2C_Init
 .text.HAL_I2C_Master_Transmit
                0x080041f0      0x1fc ./Drivers/STM32F4xx_HAL_Driver/Src/stm32f4xx_hal_i2c.o
                0x080041f0                HAL_I2C_Master_Transmit
 .text.HAL_I2C_Master_Receive
                0x080043ec      0x464 ./Drivers/STM32F4xx_HAL_Driver/Src/stm32f4xx_hal_i2c.o
                0x080043ec                HAL_I2C_Master_Receive
 .text.I2C_MasterRequestWrite
                0x08004850      0x104 ./Drivers/STM32F4xx_HAL_Driver/Src/stm32f4xx_hal_i2c.o
 .text.I2C_MasterRequestRead
                0x08004954      0x19c ./Drivers/STM32F4xx_HAL_Driver/Src/stm32f4xx_hal_i2c.o
 .text.I2C_WaitOnFlagUntilTimeout
                0x08004af0       0xf4 ./Drivers/STM32F4xx_HAL_Driver/Src/stm32f4xx_hal_i2c.o
 .text.I2C_WaitOnMasterAddressFlagUntilTimeout
                0x08004be4      0x140 ./Drivers/STM32F4xx_HAL_Driver/Src/stm32f4xx_hal_i2c.o
 .text.I2C_WaitOnTXEFlagUntilTimeout
                0x08004d24       0x90 ./Drivers/STM32F4xx_HAL_Driver/Src/stm32f4xx_hal_i2c.o
 .text.I2C_WaitOnBTFFlagUntilTimeout
                0x08004db4       0x90 ./Drivers/STM32F4xx_HAL_Driver/Src/stm32f4xx_hal_i2c.o
 .text.I2C_WaitOnRXNEFlagUntilTimeout
                0x08004e44       0xba ./Drivers/STM32F4xx_HAL_Driver/Src/stm32f4xx_hal_i2c.o
 .text.I2C_IsAcknowledgeFailed
                0x08004efe       0x5e ./Drivers/STM32F4xx_HAL_Driver/Src/stm32f4xx_hal_i2c.o
 .text.HAL_PWREx_EnableOverDrive
                0x08004f5c       0xa0 ./Drivers/STM32F4xx_HAL_Driver/Src/stm32f4xx_hal_pwr_ex.o
                0x08004f5c                HAL_PWREx_EnableOverDrive
 .text.HAL_RCC_ClockConfig
                0x08004ffc      0x1cc ./Drivers/STM32F4xx_HAL_Driver/Src/stm32f4xx_hal_rcc.o
                0x08004ffc                HAL_RCC_ClockConfig
 .text.HAL_RCC_GetHCLKFreq
                0x080051c8       0x18 ./Drivers/STM32F4xx_HAL_Driver/Src/stm32f4xx_hal_rcc.o
                0x080051c8                HAL_RCC_GetHCLKFreq
 .text.HAL_RCC_GetPCLK1Freq
                0x080051e0       0x28 ./Drivers/STM32F4xx_HAL_Driver/Src/stm32f4xx_hal_rcc.o
                0x080051e0                HAL_RCC_GetPCLK1Freq
 .text.HAL_RCC_GetPCLK2Freq
                0x08005208       0x28 ./Drivers/STM32F4xx_HAL_Driver/Src/stm32f4xx_hal_rcc.o
                0x08005208                HAL_RCC_GetPCLK2Freq
 .text.HAL_RCC_GetClockConfig
                0x08005230       0x64 ./Drivers/STM32F4xx_HAL_Driver/Src/stm32f4xx_hal_rcc.o
                0x08005230                HAL_RCC_GetClockConfig
 .text.HAL_RCC_GetSysClockFreq
                0x08005294      0x460 ./Drivers/STM32F4xx_HAL_Driver/Src/stm32f4xx_hal_rcc_ex.o
                0x08005294                HAL_RCC_GetSysClockFreq
 .text.HAL_RCC_OscConfig
                0x080056f4      0x53c ./Drivers/STM32F4xx_HAL_Driver/Src/stm32f4xx_hal_rcc_ex.o
                0x080056f4                HAL_RCC_OscConfig
 .text.HAL_SPI_Init
                0x08005c30      0x112 ./Drivers/STM32F4xx_HAL_Driver/Src/stm32f4xx_hal_spi.o
                0x08005c30                HAL_SPI_Init
 .text.HAL_SPI_TransmitReceive
                0x08005d42      0x352 ./Drivers/STM32F4xx_HAL_Driver/Src/stm32f4xx_hal_spi.o
                0x08005d42                HAL_SPI_TransmitReceive
 .text.SPI_WaitFlagStateUntilTimeout
                0x08006094      0x110 ./Drivers/STM32F4xx_HAL_Driver/Src/stm32f4xx_hal_spi.o
 .text.SPI_EndRxTxTransaction
                0x080061a4       0xa8 ./Drivers/STM32F4xx_HAL_Driver/Src/stm32f4xx_hal_spi.o
 .text.HAL_TIM_Base_Init
                0x0800624c       0x9e ./Drivers/STM32F4xx_HAL_Driver/Src/stm32f4xx_hal_tim.o
                0x0800624c                HAL_TIM_Base_Init
 .text.HAL_TIM_Base_MspInit
                0x080062ea       0x14 ./Drivers/STM32F4xx_HAL_Driver/Src/stm32f4xx_hal_tim.o
                0x080062ea                HAL_TIM_Base_MspInit
 *fill*         0x080062fe        0x2 
 .text.HAL_TIM_Base_Start_IT
                0x08006300       0xe0 ./Drivers/STM32F4xx_HAL_Driver/Src/stm32f4xx_hal_tim.o
                0x08006300                HAL_TIM_Base_Start_IT
 .text.HAL_TIM_IRQHandler
                0x080063e0      0x1e0 ./Drivers/STM32F4xx_HAL_Driver/Src/stm32f4xx_hal_tim.o
                0x080063e0                HAL_TIM_IRQHandler
 .text.HAL_TIM_PeriodElapsedCallback
                0x080065c0       0x14 ./Drivers/STM32F4xx_HAL_Driver/Src/stm32f4xx_hal_tim.o
                0x080065c0                HAL_TIM_PeriodElapsedCallback
 .text.HAL_TIM_OC_DelayElapsedCallback
                0x080065d4       0x14 ./Drivers/STM32F4xx_HAL_Driver/Src/stm32f4xx_hal_tim.o
                0x080065d4                HAL_TIM_OC_DelayElapsedCallback
 .text.HAL_TIM_IC_CaptureCallback
                0x080065e8       0x14 ./Drivers/STM32F4xx_HAL_Driver/Src/stm32f4xx_hal_tim.o
                0x080065e8                HAL_TIM_IC_CaptureCallback
 .text.HAL_TIM_PWM_PulseFinishedCallback
                0x080065fc       0x14 ./Drivers/STM32F4xx_HAL_Driver/Src/stm32f4xx_hal_tim.o
                0x080065fc                HAL_TIM_PWM_PulseFinishedCallback
 .text.HAL_TIM_TriggerCallback
                0x08006610       0x14 ./Drivers/STM32F4xx_HAL_Driver/Src/stm32f4xx_hal_tim.o
                0x08006610                HAL_TIM_TriggerCallback
 .text.TIM_Base_SetConfig
                0x08006624      0x14c ./Drivers/STM32F4xx_HAL_Driver/Src/stm32f4xx_hal_tim.o
                0x08006624                TIM_Base_SetConfig
 .text.HAL_TIMEx_CommutCallback
                0x08006770       0x14 ./Drivers/STM32F4xx_HAL_Driver/Src/stm32f4xx_hal_tim_ex.o
                0x08006770                HAL_TIMEx_CommutCallback
 .text.HAL_TIMEx_BreakCallback
                0x08006784       0x14 ./Drivers/STM32F4xx_HAL_Driver/Src/stm32f4xx_hal_tim_ex.o
                0x08006784                HAL_TIMEx_BreakCallback
 .text.HAL_UART_Init
                0x08006798       0xa0 ./Drivers/STM32F4xx_HAL_Driver/Src/stm32f4xx_hal_uart.o
                0x08006798                HAL_UART_Init
 .text.HAL_UART_Transmit
                0x08006838      0x116 ./Drivers/STM32F4xx_HAL_Driver/Src/stm32f4xx_hal_uart.o
                0x08006838                HAL_UART_Transmit
 .text.UART_WaitOnFlagUntilTimeout
                0x0800694e       0xb2 ./Drivers/STM32F4xx_HAL_Driver/Src/stm32f4xx_hal_uart.o
 .text.UART_EndRxTransfer
                0x08006a00       0xc6 ./Drivers/STM32F4xx_HAL_Driver/Src/stm32f4xx_hal_uart.o
 *fill*         0x08006ac6        0x2 
 .text.UART_SetConfig
                0x08006ac8      0x4e8 ./Drivers/STM32F4xx_HAL_Driver/Src/stm32f4xx_hal_uart.o
 .text.MX_FATFS_Init
                0x08006fb0       0x24 ./FATFS/App/fatfs.o
                0x08006fb0                MX_FATFS_Init
 .text.get_fattime
                0x08006fd4       0x10 ./FATFS/App/fatfs.o
                0x08006fd4                get_fattime
 .text.SPI_SendByte
                0x08006fe4       0x2c ./FATFS/Target/user_diskio.o
 .text.SD_WaitReady
                0x08007010       0x36 ./FATFS/Target/user_diskio.o
 .text.SD_SendCmd
                0x08007046       0x98 ./FATFS/Target/user_diskio.o
 *fill*         0x080070de        0x2 
 .text.USER_initialize
                0x080070e0      0x298 ./FATFS/Target/user_diskio.o
                0x080070e0                USER_initialize
 .text.USER_status
                0x08007378       0x20 ./FATFS/Target/user_diskio.o
                0x08007378                USER_status
 .text.USER_read
                0x08007398       0xcc ./FATFS/Target/user_diskio.o
                0x08007398                USER_read
 .text.USER_write
                0x08007464       0xf8 ./FATFS/Target/user_diskio.o
                0x08007464                USER_write
 .text.USER_ioctl
                0x0800755c       0xac ./FATFS/Target/user_diskio.o
                0x0800755c                USER_ioctl
 .text.disk_status
                0x08007608       0x34 ./Middlewares/Third_Party/FatFs/src/diskio.o
                0x08007608                disk_status
 .text.disk_initialize
                0x0800763c       0x50 ./Middlewares/Third_Party/FatFs/src/diskio.o
                0x0800763c                disk_initialize
 .text.disk_read
                0x0800768c       0x40 ./Middlewares/Third_Party/FatFs/src/diskio.o
                0x0800768c                disk_read
 .text.disk_write
                0x080076cc       0x40 ./Middlewares/Third_Party/FatFs/src/diskio.o
                0x080076cc                disk_write
 .text.disk_ioctl
                0x0800770c       0x3c ./Middlewares/Third_Party/FatFs/src/diskio.o
                0x0800770c                disk_ioctl
 .text.ld_word  0x08007748       0x32 ./Middlewares/Third_Party/FatFs/src/ff.o
 .text.ld_dword
                0x0800777a       0x46 ./Middlewares/Third_Party/FatFs/src/ff.o
 .text.st_word  0x080077c0       0x36 ./Middlewares/Third_Party/FatFs/src/ff.o
 .text.st_dword
                0x080077f6       0x58 ./Middlewares/Third_Party/FatFs/src/ff.o
 .text.mem_cpy  0x0800784e       0x42 ./Middlewares/Third_Party/FatFs/src/ff.o
 .text.mem_set  0x08007890       0x36 ./Middlewares/Third_Party/FatFs/src/ff.o
 .text.mem_cmp  0x080078c6       0x4e ./Middlewares/Third_Party/FatFs/src/ff.o
 .text.chk_chr  0x08007914       0x36 ./Middlewares/Third_Party/FatFs/src/ff.o
 .text.lock_fs  0x0800794a       0x2c ./Middlewares/Third_Party/FatFs/src/ff.o
 .text.unlock_fs
                0x08007976       0x36 ./Middlewares/Third_Party/FatFs/src/ff.o
 .text.chk_lock
                0x080079ac       0xb8 ./Middlewares/Third_Party/FatFs/src/ff.o
 .text.enq_lock
                0x08007a64       0x44 ./Middlewares/Third_Party/FatFs/src/ff.o
 .text.inc_lock
                0x08007aa8      0x11c ./Middlewares/Third_Party/FatFs/src/ff.o
 .text.dec_lock
                0x08007bc4       0x78 ./Middlewares/Third_Party/FatFs/src/ff.o
 .text.clear_lock
                0x08007c3c       0x48 ./Middlewares/Third_Party/FatFs/src/ff.o
 .text.sync_window
                0x08007c84       0x88 ./Middlewares/Third_Party/FatFs/src/ff.o
 .text.move_window
                0x08007d0c       0x5a ./Middlewares/Third_Party/FatFs/src/ff.o
 *fill*         0x08007d66        0x2 
 .text.sync_fs  0x08007d68       0xdc ./Middlewares/Third_Party/FatFs/src/ff.o
 .text.clust2sect
                0x08007e44       0x3e ./Middlewares/Third_Party/FatFs/src/ff.o
 .text.get_fat  0x08007e82      0x14e ./Middlewares/Third_Party/FatFs/src/ff.o
 .text.put_fat  0x08007fd0      0x1d4 ./Middlewares/Third_Party/FatFs/src/ff.o
 .text.remove_chain
                0x080081a4       0xca ./Middlewares/Third_Party/FatFs/src/ff.o
 .text.create_chain
                0x0800826e      0x130 ./Middlewares/Third_Party/FatFs/src/ff.o
 .text.clmt_clust
                0x0800839e       0x68 ./Middlewares/Third_Party/FatFs/src/ff.o
 .text.dir_sdi  0x08008406       0xf6 ./Middlewares/Third_Party/FatFs/src/ff.o
 .text.dir_next
                0x080084fc      0x18a ./Middlewares/Third_Party/FatFs/src/ff.o
 .text.dir_alloc
                0x08008686       0x8e ./Middlewares/Third_Party/FatFs/src/ff.o
 .text.ld_clust
                0x08008714       0x3e ./Middlewares/Third_Party/FatFs/src/ff.o
 .text.st_clust
                0x08008752       0x40 ./Middlewares/Third_Party/FatFs/src/ff.o
 .text.dir_find
                0x08008792       0xaa ./Middlewares/Third_Party/FatFs/src/ff.o
 .text.dir_register
                0x0800883c       0x64 ./Middlewares/Third_Party/FatFs/src/ff.o
 .text.create_name
                0x080088a0      0x128 ./Middlewares/Third_Party/FatFs/src/ff.o
 .text.follow_path
                0x080089c8       0xe2 ./Middlewares/Third_Party/FatFs/src/ff.o
 .text.get_ldnumber
                0x08008aaa       0x88 ./Middlewares/Third_Party/FatFs/src/ff.o
 *fill*         0x08008b32        0x2 
 .text.check_fs
                0x08008b34       0xac ./Middlewares/Third_Party/FatFs/src/ff.o
 .text.find_volume
                0x08008be0      0x4a8 ./Middlewares/Third_Party/FatFs/src/ff.o
 .text.validate
                0x08009088       0x8e ./Middlewares/Third_Party/FatFs/src/ff.o
 *fill*         0x08009116        0x2 
 .text.f_mount  0x08009118       0xc8 ./Middlewares/Third_Party/FatFs/src/ff.o
                0x08009118                f_mount
 .text.f_open   0x080091e0      0x382 ./Middlewares/Third_Party/FatFs/src/ff.o
                0x080091e0                f_open
 .text.f_write  0x08009562      0x348 ./Middlewares/Third_Party/FatFs/src/ff.o
                0x08009562                f_write
 .text.f_sync   0x080098aa      0x112 ./Middlewares/Third_Party/FatFs/src/ff.o
                0x080098aa                f_sync
 .text.f_close  0x080099bc       0x5e ./Middlewares/Third_Party/FatFs/src/ff.o
                0x080099bc                f_close
 .text.f_lseek  0x08009a1a      0x4a6 ./Middlewares/Third_Party/FatFs/src/ff.o
                0x08009a1a                f_lseek
 .text.putc_bfd
                0x08009ec0       0x7a ./Middlewares/Third_Party/FatFs/src/ff.o
 .text.putc_flush
                0x08009f3a       0x4a ./Middlewares/Third_Party/FatFs/src/ff.o
 .text.putc_init
                0x08009f84       0x2a ./Middlewares/Third_Party/FatFs/src/ff.o
 .text.f_puts   0x08009fae       0x48 ./Middlewares/Third_Party/FatFs/src/ff.o
                0x08009fae                f_puts
 *fill*         0x08009ff6        0x2 
 .text.FATFS_LinkDriverEx
                0x08009ff8       0x98 ./Middlewares/Third_Party/FatFs/src/ff_gen_drv.o
                0x08009ff8                FATFS_LinkDriverEx
 .text.FATFS_LinkDriver
                0x0800a090       0x1e ./Middlewares/Third_Party/FatFs/src/ff_gen_drv.o
                0x0800a090                FATFS_LinkDriver
 .text.ff_cre_syncobj
                0x0800a0ae       0x36 ./Middlewares/Third_Party/FatFs/src/option/syscall.o
                0x0800a0ae                ff_cre_syncobj
 .text.ff_del_syncobj
                0x0800a0e4       0x18 ./Middlewares/Third_Party/FatFs/src/option/syscall.o
                0x0800a0e4                ff_del_syncobj
 .text.ff_req_grant
                0x0800a0fc       0x2a ./Middlewares/Third_Party/FatFs/src/option/syscall.o
                0x0800a0fc                ff_req_grant
 .text.ff_rel_grant
                0x0800a126       0x16 ./Middlewares/Third_Party/FatFs/src/option/syscall.o
                0x0800a126                ff_rel_grant
 .text.__NVIC_SetPriority
                0x0800a13c       0x54 ./Middlewares/Third_Party/FreeRTOS/Source/CMSIS_RTOS_V2/cmsis_os2.o
 .text.SysTick_Handler
                0x0800a190       0x20 ./Middlewares/Third_Party/FreeRTOS/Source/CMSIS_RTOS_V2/cmsis_os2.o
                0x0800a190                SysTick_Handler
 .text.SVC_Setup
                0x0800a1b0       0x12 ./Middlewares/Third_Party/FreeRTOS/Source/CMSIS_RTOS_V2/cmsis_os2.o
 *fill*         0x0800a1c2        0x2 
 .text.osKernelInitialize
                0x0800a1c4       0x48 ./Middlewares/Third_Party/FreeRTOS/Source/CMSIS_RTOS_V2/cmsis_os2.o
                0x0800a1c4                osKernelInitialize
 .text.osKernelStart
                0x0800a20c       0x4c ./Middlewares/Third_Party/FreeRTOS/Source/CMSIS_RTOS_V2/cmsis_os2.o
                0x0800a20c                osKernelStart
 .text.osThreadNew
                0x0800a258      0x124 ./Middlewares/Third_Party/FreeRTOS/Source/CMSIS_RTOS_V2/cmsis_os2.o
                0x0800a258                osThreadNew
 .text.osDelay  0x0800a37c       0x36 ./Middlewares/Third_Party/FreeRTOS/Source/CMSIS_RTOS_V2/cmsis_os2.o
                0x0800a37c                osDelay
 .text.osSemaphoreNew
                0x0800a3b2      0x112 ./Middlewares/Third_Party/FreeRTOS/Source/CMSIS_RTOS_V2/cmsis_os2.o
                0x0800a3b2                osSemaphoreNew
 .text.osSemaphoreAcquire
                0x0800a4c4       0xa4 ./Middlewares/Third_Party/FreeRTOS/Source/CMSIS_RTOS_V2/cmsis_os2.o
                0x0800a4c4                osSemaphoreAcquire
 .text.osSemaphoreRelease
                0x0800a568       0x88 ./Middlewares/Third_Party/FreeRTOS/Source/CMSIS_RTOS_V2/cmsis_os2.o
                0x0800a568                osSemaphoreRelease
 .text.osSemaphoreDelete
                0x0800a5f0       0x48 ./Middlewares/Third_Party/FreeRTOS/Source/CMSIS_RTOS_V2/cmsis_os2.o
                0x0800a5f0                osSemaphoreDelete
 .text.osMessageQueueNew
                0x0800a638       0xe6 ./Middlewares/Third_Party/FreeRTOS/Source/CMSIS_RTOS_V2/cmsis_os2.o
                0x0800a638                osMessageQueueNew
 *fill*         0x0800a71e        0x2 
 .text.osMessageQueuePut
                0x0800a720       0xc0 ./Middlewares/Third_Party/FreeRTOS/Source/CMSIS_RTOS_V2/cmsis_os2.o
                0x0800a720                osMessageQueuePut
 .text.osMessageQueueGet
                0x0800a7e0       0xbc ./Middlewares/Third_Party/FreeRTOS/Source/CMSIS_RTOS_V2/cmsis_os2.o
                0x0800a7e0                osMessageQueueGet
 .text.osMessageQueueReset
                0x0800a89c       0x44 ./Middlewares/Third_Party/FreeRTOS/Source/CMSIS_RTOS_V2/cmsis_os2.o
                0x0800a89c                osMessageQueueReset
 .text.vApplicationGetIdleTaskMemory
                0x0800a8e0       0x34 ./Middlewares/Third_Party/FreeRTOS/Source/CMSIS_RTOS_V2/cmsis_os2.o
                0x0800a8e0                vApplicationGetIdleTaskMemory
 .text.vApplicationGetTimerTaskMemory
                0x0800a914       0x34 ./Middlewares/Third_Party/FreeRTOS/Source/CMSIS_RTOS_V2/cmsis_os2.o
                0x0800a914                vApplicationGetTimerTaskMemory
 .text.vListInitialise
                0x0800a948       0x40 ./Middlewares/Third_Party/FreeRTOS/Source/list.o
                0x0800a948                vListInitialise
 .text.vListInitialiseItem
                0x0800a988       0x1a ./Middlewares/Third_Party/FreeRTOS/Source/list.o
                0x0800a988                vListInitialiseItem
 .text.vListInsertEnd
                0x0800a9a2       0x48 ./Middlewares/Third_Party/FreeRTOS/Source/list.o
                0x0800a9a2                vListInsertEnd
 .text.vListInsert
                0x0800a9ea       0x72 ./Middlewares/Third_Party/FreeRTOS/Source/list.o
                0x0800a9ea                vListInsert
 .text.uxListRemove
                0x0800aa5c       0x54 ./Middlewares/Third_Party/FreeRTOS/Source/list.o
                0x0800aa5c                uxListRemove
 .text.xQueueGenericReset
                0x0800aab0       0xd4 ./Middlewares/Third_Party/FreeRTOS/Source/queue.o
                0x0800aab0                xQueueGenericReset
 .text.xQueueGenericCreateStatic
                0x0800ab84       0xfa ./Middlewares/Third_Party/FreeRTOS/Source/queue.o
                0x0800ab84                xQueueGenericCreateStatic
 .text.xQueueGenericCreate
                0x0800ac7e       0x76 ./Middlewares/Third_Party/FreeRTOS/Source/queue.o
                0x0800ac7e                xQueueGenericCreate
 .text.prvInitialiseNewQueue
                0x0800acf4       0x46 ./Middlewares/Third_Party/FreeRTOS/Source/queue.o
 .text.xQueueCreateCountingSemaphoreStatic
                0x0800ad3a       0x72 ./Middlewares/Third_Party/FreeRTOS/Source/queue.o
                0x0800ad3a                xQueueCreateCountingSemaphoreStatic
 .text.xQueueCreateCountingSemaphore
                0x0800adac       0x6a ./Middlewares/Third_Party/FreeRTOS/Source/queue.o
                0x0800adac                xQueueCreateCountingSemaphore
 *fill*         0x0800ae16        0x2 
 .text.xQueueGenericSend
                0x0800ae18      0x204 ./Middlewares/Third_Party/FreeRTOS/Source/queue.o
                0x0800ae18                xQueueGenericSend
 .text.xQueueGenericSendFromISR
                0x0800b01c      0x13c ./Middlewares/Third_Party/FreeRTOS/Source/queue.o
                0x0800b01c                xQueueGenericSendFromISR
 .text.xQueueGiveFromISR
                0x0800b158      0x120 ./Middlewares/Third_Party/FreeRTOS/Source/queue.o
                0x0800b158                xQueueGiveFromISR
 .text.xQueueReceive
                0x0800b278      0x1c4 ./Middlewares/Third_Party/FreeRTOS/Source/queue.o
                0x0800b278                xQueueReceive
 .text.xQueueSemaphoreTake
                0x0800b43c      0x220 ./Middlewares/Third_Party/FreeRTOS/Source/queue.o
                0x0800b43c                xQueueSemaphoreTake
 .text.xQueueReceiveFromISR
                0x0800b65c      0x104 ./Middlewares/Third_Party/FreeRTOS/Source/queue.o
                0x0800b65c                xQueueReceiveFromISR
 .text.vQueueDelete
                0x0800b760       0x48 ./Middlewares/Third_Party/FreeRTOS/Source/queue.o
                0x0800b760                vQueueDelete
 .text.prvGetDisinheritPriorityAfterTimeout
                0x0800b7a8       0x30 ./Middlewares/Third_Party/FreeRTOS/Source/queue.o
 .text.prvCopyDataToQueue
                0x0800b7d8       0xd4 ./Middlewares/Third_Party/FreeRTOS/Source/queue.o
 .text.prvCopyDataFromQueue
                0x0800b8ac       0x4c ./Middlewares/Third_Party/FreeRTOS/Source/queue.o
 .text.prvUnlockQueue
                0x0800b8f8       0xa4 ./Middlewares/Third_Party/FreeRTOS/Source/queue.o
 .text.prvIsQueueEmpty
                0x0800b99c       0x2c ./Middlewares/Third_Party/FreeRTOS/Source/queue.o
 .text.prvIsQueueFull
                0x0800b9c8       0x30 ./Middlewares/Third_Party/FreeRTOS/Source/queue.o
 .text.vQueueAddToRegistry
                0x0800b9f8       0x54 ./Middlewares/Third_Party/FreeRTOS/Source/queue.o
                0x0800b9f8                vQueueAddToRegistry
 .text.vQueueUnregisterQueue
                0x0800ba4c       0x54 ./Middlewares/Third_Party/FreeRTOS/Source/queue.o
                0x0800ba4c                vQueueUnregisterQueue
 .text.vQueueWaitForMessageRestricted
                0x0800baa0       0x68 ./Middlewares/Third_Party/FreeRTOS/Source/queue.o
                0x0800baa0                vQueueWaitForMessageRestricted
 .text.xTaskCreateStatic
                0x0800bb08       0xc0 ./Middlewares/Third_Party/FreeRTOS/Source/tasks.o
                0x0800bb08                xTaskCreateStatic
 .text.xTaskCreate
                0x0800bbc8       0x8a ./Middlewares/Third_Party/FreeRTOS/Source/tasks.o
                0x0800bbc8                xTaskCreate
 .text.prvInitialiseNewTask
                0x0800bc52      0x120 ./Middlewares/Third_Party/FreeRTOS/Source/tasks.o
 *fill*         0x0800bd72        0x2 
 .text.prvAddNewTaskToReadyList
                0x0800bd74       0xe0 ./Middlewares/Third_Party/FreeRTOS/Source/tasks.o
 .text.vTaskDelay
                0x0800be54       0x6c ./Middlewares/Third_Party/FreeRTOS/Source/tasks.o
                0x0800be54                vTaskDelay
 .text.vTaskStartScheduler
                0x0800bec0       0xd0 ./Middlewares/Third_Party/FreeRTOS/Source/tasks.o
                0x0800bec0                vTaskStartScheduler
 .text.vTaskSuspendAll
                0x0800bf90       0x1c ./Middlewares/Third_Party/FreeRTOS/Source/tasks.o
                0x0800bf90                vTaskSuspendAll
 .text.xTaskResumeAll
                0x0800bfac      0x13c ./Middlewares/Third_Party/FreeRTOS/Source/tasks.o
                0x0800bfac                xTaskResumeAll
 .text.xTaskGetTickCount
                0x0800c0e8       0x20 ./Middlewares/Third_Party/FreeRTOS/Source/tasks.o
                0x0800c0e8                xTaskGetTickCount
 .text.xTaskIncrementTick
                0x0800c108      0x174 ./Middlewares/Third_Party/FreeRTOS/Source/tasks.o
                0x0800c108                xTaskIncrementTick
 .text.vTaskSwitchContext
                0x0800c27c       0xbc ./Middlewares/Third_Party/FreeRTOS/Source/tasks.o
                0x0800c27c                vTaskSwitchContext
 .text.vTaskPlaceOnEventList
                0x0800c338       0x4c ./Middlewares/Third_Party/FreeRTOS/Source/tasks.o
                0x0800c338                vTaskPlaceOnEventList
 .text.vTaskPlaceOnEventListRestricted
                0x0800c384       0x58 ./Middlewares/Third_Party/FreeRTOS/Source/tasks.o
                0x0800c384                vTaskPlaceOnEventListRestricted
 .text.xTaskRemoveFromEventList
                0x0800c3dc       0xc8 ./Middlewares/Third_Party/FreeRTOS/Source/tasks.o
                0x0800c3dc                xTaskRemoveFromEventList
 .text.vTaskInternalSetTimeOutState
                0x0800c4a4       0x2c ./Middlewares/Third_Party/FreeRTOS/Source/tasks.o
                0x0800c4a4                vTaskInternalSetTimeOutState
 .text.xTaskCheckForTimeOut
                0x0800c4d0       0xc8 ./Middlewares/Third_Party/FreeRTOS/Source/tasks.o
                0x0800c4d0                xTaskCheckForTimeOut
 .text.vTaskMissedYield
                0x0800c598       0x18 ./Middlewares/Third_Party/FreeRTOS/Source/tasks.o
                0x0800c598                vTaskMissedYield
 .text.prvIdleTask
                0x0800c5b0       0x30 ./Middlewares/Third_Party/FreeRTOS/Source/tasks.o
 .text.prvInitialiseTaskLists
                0x0800c5e0       0x80 ./Middlewares/Third_Party/FreeRTOS/Source/tasks.o
 .text.prvCheckTasksWaitingTermination
                0x0800c660       0x5c ./Middlewares/Third_Party/FreeRTOS/Source/tasks.o
 .text.prvDeleteTCB
                0x0800c6bc       0x60 ./Middlewares/Third_Party/FreeRTOS/Source/tasks.o
 .text.prvResetNextTaskUnblockTime
                0x0800c71c       0x40 ./Middlewares/Third_Party/FreeRTOS/Source/tasks.o
 .text.xTaskGetSchedulerState
                0x0800c75c       0x3c ./Middlewares/Third_Party/FreeRTOS/Source/tasks.o
                0x0800c75c                xTaskGetSchedulerState
 .text.xTaskPriorityInherit
                0x0800c798       0xd0 ./Middlewares/Third_Party/FreeRTOS/Source/tasks.o
                0x0800c798                xTaskPriorityInherit
 .text.xTaskPriorityDisinherit
                0x0800c868       0xe0 ./Middlewares/Third_Party/FreeRTOS/Source/tasks.o
                0x0800c868                xTaskPriorityDisinherit
 .text.vTaskPriorityDisinheritAfterTimeout
                0x0800c948      0x108 ./Middlewares/Third_Party/FreeRTOS/Source/tasks.o
                0x0800c948                vTaskPriorityDisinheritAfterTimeout
 .text.pvTaskIncrementMutexHeldCount
                0x0800ca50       0x28 ./Middlewares/Third_Party/FreeRTOS/Source/tasks.o
                0x0800ca50                pvTaskIncrementMutexHeldCount
 .text.prvAddCurrentTaskToDelayedList
                0x0800ca78       0xa8 ./Middlewares/Third_Party/FreeRTOS/Source/tasks.o
 .text.xTimerCreateTimerTask
                0x0800cb20       0x94 ./Middlewares/Third_Party/FreeRTOS/Source/timers.o
                0x0800cb20                xTimerCreateTimerTask
 .text.xTimerGenericCommand
                0x0800cbb4       0x9c ./Middlewares/Third_Party/FreeRTOS/Source/timers.o
                0x0800cbb4                xTimerGenericCommand
 .text.prvProcessExpiredTimer
                0x0800cc50       0x9c ./Middlewares/Third_Party/FreeRTOS/Source/timers.o
 .text.prvTimerTask
                0x0800ccec       0x26 ./Middlewares/Third_Party/FreeRTOS/Source/timers.o
 *fill*         0x0800cd12        0x2 
 .text.prvProcessTimerOrBlockTask
                0x0800cd14       0x9c ./Middlewares/Third_Party/FreeRTOS/Source/timers.o
 .text.prvGetNextExpireTime
                0x0800cdb0       0x48 ./Middlewares/Third_Party/FreeRTOS/Source/timers.o
 .text.prvSampleTimeNow
                0x0800cdf8       0x40 ./Middlewares/Third_Party/FreeRTOS/Source/timers.o
 .text.prvInsertTimerInActiveList
                0x0800ce38       0x84 ./Middlewares/Third_Party/FreeRTOS/Source/timers.o
 .text.prvProcessReceivedCommands
                0x0800cebc      0x1cc ./Middlewares/Third_Party/FreeRTOS/Source/timers.o
 .text.prvSwitchTimerLists
                0x0800d088       0xcc ./Middlewares/Third_Party/FreeRTOS/Source/timers.o
 .text.prvCheckForValidListAndQueue
                0x0800d154       0x80 ./Middlewares/Third_Party/FreeRTOS/Source/timers.o
 .text.pxPortInitialiseStack
                0x0800d1d4       0x68 ./Middlewares/Third_Party/FreeRTOS/Source/portable/GCC/ARM_CM4F/port.o
                0x0800d1d4                pxPortInitialiseStack
 .text.prvTaskExitError
                0x0800d23c       0x5c ./Middlewares/Third_Party/FreeRTOS/Source/portable/GCC/ARM_CM4F/port.o
 *fill*         0x0800d298        0x8 
 .text.SVC_Handler
                0x0800d2a0       0x28 ./Middlewares/Third_Party/FreeRTOS/Source/portable/GCC/ARM_CM4F/port.o
                0x0800d2a0                SVC_Handler
 .text.prvPortStartFirstTask
                0x0800d2c8       0x28 ./Middlewares/Third_Party/FreeRTOS/Source/portable/GCC/ARM_CM4F/port.o
 .text.xPortStartScheduler
                0x0800d2f0      0x148 ./Middlewares/Third_Party/FreeRTOS/Source/portable/GCC/ARM_CM4F/port.o
                0x0800d2f0                xPortStartScheduler
 .text.vPortEnterCritical
                0x0800d438       0x64 ./Middlewares/Third_Party/FreeRTOS/Source/portable/GCC/ARM_CM4F/port.o
                0x0800d438                vPortEnterCritical
 .text.vPortExitCritical
                0x0800d49c       0x54 ./Middlewares/Third_Party/FreeRTOS/Source/portable/GCC/ARM_CM4F/port.o
                0x0800d49c                vPortExitCritical
 .text.PendSV_Handler
                0x0800d4f0       0x68 ./Middlewares/Third_Party/FreeRTOS/Source/portable/GCC/ARM_CM4F/port.o
                0x0800d4f0                PendSV_Handler
 .text.xPortSysTickHandler
                0x0800d558       0x44 ./Middlewares/Third_Party/FreeRTOS/Source/portable/GCC/ARM_CM4F/port.o
                0x0800d558                xPortSysTickHandler
 .text.vPortSetupTimerInterrupt
                0x0800d59c       0x48 ./Middlewares/Third_Party/FreeRTOS/Source/portable/GCC/ARM_CM4F/port.o
                0x0800d59c                vPortSetupTimerInterrupt
 .text.vPortEnableVFP
                0x0800d5e4       0x14 ./Middlewares/Third_Party/FreeRTOS/Source/portable/GCC/ARM_CM4F/port.o
 .text.vPortValidateInterruptPriority
                0x0800d5f8       0x84 ./Middlewares/Third_Party/FreeRTOS/Source/portable/GCC/ARM_CM4F/port.o
                0x0800d5f8                vPortValidateInterruptPriority
 .text.pvPortMalloc
                0x0800d67c      0x19c ./Middlewares/Third_Party/FreeRTOS/Source/portable/MemMang/heap_4.o
                0x0800d67c                pvPortMalloc
 .text.vPortFree
                0x0800d818       0xc8 ./Middlewares/Third_Party/FreeRTOS/Source/portable/MemMang/heap_4.o
                0x0800d818                vPortFree
 .text.prvHeapInit
                0x0800d8e0       0xc4 ./Middlewares/Third_Party/FreeRTOS/Source/portable/MemMang/heap_4.o
 .text.prvInsertBlockIntoFreeList
                0x0800d9a4       0xb4 ./Middlewares/Third_Party/FreeRTOS/Source/portable/MemMang/heap_4.o
 .text.__cvt    0x0800da58       0xca C:/ST/STM32CubeIDE_2.1.1/STM32CubeIDE/plugins/com.st.stm32cube.ide.mcu.externaltools.gnu-tools-for-stm32.14.3.rel1.win32_1.0.100.202602081740/tools/bin/../lib/gcc/arm-none-eabi/14.3.1/../../../../arm-none-eabi/lib/thumb/v7e-m+fp/hard\libc_nano.a(libc_a-nano-vfprintf_float.o)
                0x0800da58                __cvt
 .text.__exponent
                0x0800db22       0x74 C:/ST/STM32CubeIDE_2.1.1/STM32CubeIDE/plugins/com.st.stm32cube.ide.mcu.externaltools.gnu-tools-for-stm32.14.3.rel1.win32_1.0.100.202602081740/tools/bin/../lib/gcc/arm-none-eabi/14.3.1/../../../../arm-none-eabi/lib/thumb/v7e-m+fp/hard\libc_nano.a(libc_a-nano-vfprintf_float.o)
                0x0800db22                __exponent
 *fill*         0x0800db96        0x2 
 .text._printf_float
                0x0800db98      0x450 C:/ST/STM32CubeIDE_2.1.1/STM32CubeIDE/plugins/com.st.stm32cube.ide.mcu.externaltools.gnu-tools-for-stm32.14.3.rel1.win32_1.0.100.202602081740/tools/bin/../lib/gcc/arm-none-eabi/14.3.1/../../../../arm-none-eabi/lib/thumb/v7e-m+fp/hard\libc_nano.a(libc_a-nano-vfprintf_float.o)
                0x0800db98                _printf_float
 .text._printf_common
                0x0800dfe8       0xda C:/ST/STM32CubeIDE_2.1.1/STM32CubeIDE/plugins/com.st.stm32cube.ide.mcu.externaltools.gnu-tools-for-stm32.14.3.rel1.win32_1.0.100.202602081740/tools/bin/../lib/gcc/arm-none-eabi/14.3.1/../../../../arm-none-eabi/lib/thumb/v7e-m+fp/hard\libc_nano.a(libc_a-nano-vfprintf_i.o)
                0x0800dfe8                _printf_common
 *fill*         0x0800e0c2        0x2 
 .text._printf_i
                0x0800e0c4      0x24c C:/ST/STM32CubeIDE_2.1.1/STM32CubeIDE/plugins/com.st.stm32cube.ide.mcu.externaltools.gnu-tools-for-stm32.14.3.rel1.win32_1.0.100.202602081740/tools/bin/../lib/gcc/arm-none-eabi/14.3.1/../../../../arm-none-eabi/lib/thumb/v7e-m+fp/hard\libc_nano.a(libc_a-nano-vfprintf_i.o)
                0x0800e0c4                _printf_i
 .text.std      0x0800e310       0x6c C:/ST/STM32CubeIDE_2.1.1/STM32CubeIDE/plugins/com.st.stm32cube.ide.mcu.externaltools.gnu-tools-for-stm32.14.3.rel1.win32_1.0.100.202602081740/tools/bin/../lib/gcc/arm-none-eabi/14.3.1/../../../../arm-none-eabi/lib/thumb/v7e-m+fp/hard\libc_nano.a(libc_a-findfp.o)
 .text.stdio_exit_handler
                0x0800e37c       0x18 C:/ST/STM32CubeIDE_2.1.1/STM32CubeIDE/plugins/com.st.stm32cube.ide.mcu.externaltools.gnu-tools-for-stm32.14.3.rel1.win32_1.0.100.202602081740/tools/bin/../lib/gcc/arm-none-eabi/14.3.1/../../../../arm-none-eabi/lib/thumb/v7e-m+fp/hard\libc_nano.a(libc_a-findfp.o)
 .text.cleanup_stdio
                0x0800e394       0x40 C:/ST/STM32CubeIDE_2.1.1/STM32CubeIDE/plugins/com.st.stm32cube.ide.mcu.externaltools.gnu-tools-for-stm32.14.3.rel1.win32_1.0.100.202602081740/tools/bin/../lib/gcc/arm-none-eabi/14.3.1/../../../../arm-none-eabi/lib/thumb/v7e-m+fp/hard\libc_nano.a(libc_a-findfp.o)
 .text.global_stdio_init.part.0
                0x0800e3d4       0x40 C:/ST/STM32CubeIDE_2.1.1/STM32CubeIDE/plugins/com.st.stm32cube.ide.mcu.externaltools.gnu-tools-for-stm32.14.3.rel1.win32_1.0.100.202602081740/tools/bin/../lib/gcc/arm-none-eabi/14.3.1/../../../../arm-none-eabi/lib/thumb/v7e-m+fp/hard\libc_nano.a(libc_a-findfp.o)
 .text.__sfp_lock_acquire
                0x0800e414        0xc C:/ST/STM32CubeIDE_2.1.1/STM32CubeIDE/plugins/com.st.stm32cube.ide.mcu.externaltools.gnu-tools-for-stm32.14.3.rel1.win32_1.0.100.202602081740/tools/bin/../lib/gcc/arm-none-eabi/14.3.1/../../../../arm-none-eabi/lib/thumb/v7e-m+fp/hard\libc_nano.a(libc_a-findfp.o)
                0x0800e414                __sfp_lock_acquire
 .text.__sfp_lock_release
                0x0800e420        0xc C:/ST/STM32CubeIDE_2.1.1/STM32CubeIDE/plugins/com.st.stm32cube.ide.mcu.externaltools.gnu-tools-for-stm32.14.3.rel1.win32_1.0.100.202602081740/tools/bin/../lib/gcc/arm-none-eabi/14.3.1/../../../../arm-none-eabi/lib/thumb/v7e-m+fp/hard\libc_nano.a(libc_a-findfp.o)
                0x0800e420                __sfp_lock_release
 .text.__sinit  0x0800e42c       0x30 C:/ST/STM32CubeIDE_2.1.1/STM32CubeIDE/plugins/com.st.stm32cube.ide.mcu.externaltools.gnu-tools-for-stm32.14.3.rel1.win32_1.0.100.202602081740/tools/bin/../lib/gcc/arm-none-eabi/14.3.1/../../../../arm-none-eabi/lib/thumb/v7e-m+fp/hard\libc_nano.a(libc_a-findfp.o)
                0x0800e42c                __sinit
 .text._fwalk_sglue
                0x0800e45c       0x3c C:/ST/STM32CubeIDE_2.1.1/STM32CubeIDE/plugins/com.st.stm32cube.ide.mcu.externaltools.gnu-tools-for-stm32.14.3.rel1.win32_1.0.100.202602081740/tools/bin/../lib/gcc/arm-none-eabi/14.3.1/../../../../arm-none-eabi/lib/thumb/v7e-m+fp/hard\libc_nano.a(libc_a-fwalk.o)
                0x0800e45c                _fwalk_sglue
 .text.snprintf
                0x0800e498       0x6c C:/ST/STM32CubeIDE_2.1.1/STM32CubeIDE/plugins/com.st.stm32cube.ide.mcu.externaltools.gnu-tools-for-stm32.14.3.rel1.win32_1.0.100.202602081740/tools/bin/../lib/gcc/arm-none-eabi/14.3.1/../../../../arm-none-eabi/lib/thumb/v7e-m+fp/hard\libc_nano.a(libc_a-snprintf.o)
                0x0800e498                sniprintf
                0x0800e498                snprintf
 .text.__sread  0x0800e504       0x22 C:/ST/STM32CubeIDE_2.1.1/STM32CubeIDE/plugins/com.st.stm32cube.ide.mcu.externaltools.gnu-tools-for-stm32.14.3.rel1.win32_1.0.100.202602081740/tools/bin/../lib/gcc/arm-none-eabi/14.3.1/../../../../arm-none-eabi/lib/thumb/v7e-m+fp/hard\libc_nano.a(libc_a-stdio.o)
                0x0800e504                __sread
 .text.__swrite
                0x0800e526       0x38 C:/ST/STM32CubeIDE_2.1.1/STM32CubeIDE/plugins/com.st.stm32cube.ide.mcu.externaltools.gnu-tools-for-stm32.14.3.rel1.win32_1.0.100.202602081740/tools/bin/../lib/gcc/arm-none-eabi/14.3.1/../../../../arm-none-eabi/lib/thumb/v7e-m+fp/hard\libc_nano.a(libc_a-stdio.o)
                0x0800e526                __swrite
 .text.__sseek  0x0800e55e       0x26 C:/ST/STM32CubeIDE_2.1.1/STM32CubeIDE/plugins/com.st.stm32cube.ide.mcu.externaltools.gnu-tools-for-stm32.14.3.rel1.win32_1.0.100.202602081740/tools/bin/../lib/gcc/arm-none-eabi/14.3.1/../../../../arm-none-eabi/lib/thumb/v7e-m+fp/hard\libc_nano.a(libc_a-stdio.o)
                0x0800e55e                __sseek
 .text.__sclose
                0x0800e584        0x8 C:/ST/STM32CubeIDE_2.1.1/STM32CubeIDE/plugins/com.st.stm32cube.ide.mcu.externaltools.gnu-tools-for-stm32.14.3.rel1.win32_1.0.100.202602081740/tools/bin/../lib/gcc/arm-none-eabi/14.3.1/../../../../arm-none-eabi/lib/thumb/v7e-m+fp/hard\libc_nano.a(libc_a-stdio.o)
                0x0800e584                __sclose
 .text.memset   0x0800e58c       0x10 C:/ST/STM32CubeIDE_2.1.1/STM32CubeIDE/plugins/com.st.stm32cube.ide.mcu.externaltools.gnu-tools-for-stm32.14.3.rel1.win32_1.0.100.202602081740/tools/bin/../lib/gcc/arm-none-eabi/14.3.1/../../../../arm-none-eabi/lib/thumb/v7e-m+fp/hard\libc_nano.a(libc_a-memset.o)
                0x0800e58c                memset
 .text._localeconv_r
                0x0800e59c        0x8 C:/ST/STM32CubeIDE_2.1.1/STM32CubeIDE/plugins/com.st.stm32cube.ide.mcu.externaltools.gnu-tools-for-stm32.14.3.rel1.win32_1.0.100.202602081740/tools/bin/../lib/gcc/arm-none-eabi/14.3.1/../../../../arm-none-eabi/lib/thumb/v7e-m+fp/hard\libc_nano.a(libc_a-localeconv.o)
                0x0800e59c                _localeconv_r
 .text._close_r
                0x0800e5a4       0x20 C:/ST/STM32CubeIDE_2.1.1/STM32CubeIDE/plugins/com.st.stm32cube.ide.mcu.externaltools.gnu-tools-for-stm32.14.3.rel1.win32_1.0.100.202602081740/tools/bin/../lib/gcc/arm-none-eabi/14.3.1/../../../../arm-none-eabi/lib/thumb/v7e-m+fp/hard\libc_nano.a(libc_a-closer.o)
                0x0800e5a4                _close_r
 .text._lseek_r
                0x0800e5c4       0x24 C:/ST/STM32CubeIDE_2.1.1/STM32CubeIDE/plugins/com.st.stm32cube.ide.mcu.externaltools.gnu-tools-for-stm32.14.3.rel1.win32_1.0.100.202602081740/tools/bin/../lib/gcc/arm-none-eabi/14.3.1/../../../../arm-none-eabi/lib/thumb/v7e-m+fp/hard\libc_nano.a(libc_a-lseekr.o)
                0x0800e5c4                _lseek_r
 .text._read_r  0x0800e5e8       0x24 C:/ST/STM32CubeIDE_2.1.1/STM32CubeIDE/plugins/com.st.stm32cube.ide.mcu.externaltools.gnu-tools-for-stm32.14.3.rel1.win32_1.0.100.202602081740/tools/bin/../lib/gcc/arm-none-eabi/14.3.1/../../../../arm-none-eabi/lib/thumb/v7e-m+fp/hard\libc_nano.a(libc_a-readr.o)
                0x0800e5e8                _read_r
 .text._write_r
                0x0800e60c       0x24 C:/ST/STM32CubeIDE_2.1.1/STM32CubeIDE/plugins/com.st.stm32cube.ide.mcu.externaltools.gnu-tools-for-stm32.14.3.rel1.win32_1.0.100.202602081740/tools/bin/../lib/gcc/arm-none-eabi/14.3.1/../../../../arm-none-eabi/lib/thumb/v7e-m+fp/hard\libc_nano.a(libc_a-writer.o)
                0x0800e60c                _write_r
 .text.__errno  0x0800e630        0xc C:/ST/STM32CubeIDE_2.1.1/STM32CubeIDE/plugins/com.st.stm32cube.ide.mcu.externaltools.gnu-tools-for-stm32.14.3.rel1.win32_1.0.100.202602081740/tools/bin/../lib/gcc/arm-none-eabi/14.3.1/../../../../arm-none-eabi/lib/thumb/v7e-m+fp/hard\libc_nano.a(libc_a-errno.o)
                0x0800e630                __errno
 .text.__libc_init_array
                0x0800e63c       0x48 C:/ST/STM32CubeIDE_2.1.1/STM32CubeIDE/plugins/com.st.stm32cube.ide.mcu.externaltools.gnu-tools-for-stm32.14.3.rel1.win32_1.0.100.202602081740/tools/bin/../lib/gcc/arm-none-eabi/14.3.1/../../../../arm-none-eabi/lib/thumb/v7e-m+fp/hard\libc_nano.a(libc_a-init.o)
                0x0800e63c                __libc_init_array
 .text.__retarget_lock_init_recursive
                0x0800e684        0x2 C:/ST/STM32CubeIDE_2.1.1/STM32CubeIDE/plugins/com.st.stm32cube.ide.mcu.externaltools.gnu-tools-for-stm32.14.3.rel1.win32_1.0.100.202602081740/tools/bin/../lib/gcc/arm-none-eabi/14.3.1/../../../../arm-none-eabi/lib/thumb/v7e-m+fp/hard\libc_nano.a(libc_a-lock.o)
                0x0800e684                __retarget_lock_init_recursive
 .text.__retarget_lock_acquire_recursive
                0x0800e686        0x2 C:/ST/STM32CubeIDE_2.1.1/STM32CubeIDE/plugins/com.st.stm32cube.ide.mcu.externaltools.gnu-tools-for-stm32.14.3.rel1.win32_1.0.100.202602081740/tools/bin/../lib/gcc/arm-none-eabi/14.3.1/../../../../arm-none-eabi/lib/thumb/v7e-m+fp/hard\libc_nano.a(libc_a-lock.o)
                0x0800e686                __retarget_lock_acquire_recursive
 .text.__retarget_lock_release_recursive
                0x0800e688        0x2 C:/ST/STM32CubeIDE_2.1.1/STM32CubeIDE/plugins/com.st.stm32cube.ide.mcu.externaltools.gnu-tools-for-stm32.14.3.rel1.win32_1.0.100.202602081740/tools/bin/../lib/gcc/arm-none-eabi/14.3.1/../../../../arm-none-eabi/lib/thumb/v7e-m+fp/hard\libc_nano.a(libc_a-lock.o)
                0x0800e688                __retarget_lock_release_recursive
 .text.memcpy   0x0800e68a       0x1c C:/ST/STM32CubeIDE_2.1.1/STM32CubeIDE/plugins/com.st.stm32cube.ide.mcu.externaltools.gnu-tools-for-stm32.14.3.rel1.win32_1.0.100.202602081740/tools/bin/../lib/gcc/arm-none-eabi/14.3.1/../../../../arm-none-eabi/lib/thumb/v7e-m+fp/hard\libc_nano.a(libc_a-memcpy-stub.o)
                0x0800e68a                memcpy
 .text.quorem   0x0800e6a6      0x110 C:/ST/STM32CubeIDE_2.1.1/STM32CubeIDE/plugins/com.st.stm32cube.ide.mcu.externaltools.gnu-tools-for-stm32.14.3.rel1.win32_1.0.100.202602081740/tools/bin/../lib/gcc/arm-none-eabi/14.3.1/../../../../arm-none-eabi/lib/thumb/v7e-m+fp/hard\libc_nano.a(libc_a-dtoa.o)
 *fill*         0x0800e7b6        0x2 
 .text._dtoa_r  0x0800e7b8      0xbb8 C:/ST/STM32CubeIDE_2.1.1/STM32CubeIDE/plugins/com.st.stm32cube.ide.mcu.externaltools.gnu-tools-for-stm32.14.3.rel1.win32_1.0.100.202602081740/tools/bin/../lib/gcc/arm-none-eabi/14.3.1/../../../../arm-none-eabi/lib/thumb/v7e-m+fp/hard\libc_nano.a(libc_a-dtoa.o)
                0x0800e7b8                _dtoa_r
 .text._free_r  0x0800f370       0x94 C:/ST/STM32CubeIDE_2.1.1/STM32CubeIDE/plugins/com.st.stm32cube.ide.mcu.externaltools.gnu-tools-for-stm32.14.3.rel1.win32_1.0.100.202602081740/tools/bin/../lib/gcc/arm-none-eabi/14.3.1/../../../../arm-none-eabi/lib/thumb/v7e-m+fp/hard\libc_nano.a(libc_a-freer.o)
                0x0800f370                _free_r
 .text.malloc   0x0800f404       0x10 C:/ST/STM32CubeIDE_2.1.1/STM32CubeIDE/plugins/com.st.stm32cube.ide.mcu.externaltools.gnu-tools-for-stm32.14.3.rel1.win32_1.0.100.202602081740/tools/bin/../lib/gcc/arm-none-eabi/14.3.1/../../../../arm-none-eabi/lib/thumb/v7e-m+fp/hard\libc_nano.a(libc_a-malloc.o)
                0x0800f404                malloc
 .text.sbrk_aligned
                0x0800f414       0x44 C:/ST/STM32CubeIDE_2.1.1/STM32CubeIDE/plugins/com.st.stm32cube.ide.mcu.externaltools.gnu-tools-for-stm32.14.3.rel1.win32_1.0.100.202602081740/tools/bin/../lib/gcc/arm-none-eabi/14.3.1/../../../../arm-none-eabi/lib/thumb/v7e-m+fp/hard\libc_nano.a(libc_a-mallocr.o)
 .text._malloc_r
                0x0800f458      0x100 C:/ST/STM32CubeIDE_2.1.1/STM32CubeIDE/plugins/com.st.stm32cube.ide.mcu.externaltools.gnu-tools-for-stm32.14.3.rel1.win32_1.0.100.202602081740/tools/bin/../lib/gcc/arm-none-eabi/14.3.1/../../../../arm-none-eabi/lib/thumb/v7e-m+fp/hard\libc_nano.a(libc_a-mallocr.o)
                0x0800f458                _malloc_r
 .text.__malloc_lock
                0x0800f558        0xc C:/ST/STM32CubeIDE_2.1.1/STM32CubeIDE/plugins/com.st.stm32cube.ide.mcu.externaltools.gnu-tools-for-stm32.14.3.rel1.win32_1.0.100.202602081740/tools/bin/../lib/gcc/arm-none-eabi/14.3.1/../../../../arm-none-eabi/lib/thumb/v7e-m+fp/hard\libc_nano.a(libc_a-mlock.o)
                0x0800f558                __malloc_lock
 .text.__malloc_unlock
                0x0800f564        0xc C:/ST/STM32CubeIDE_2.1.1/STM32CubeIDE/plugins/com.st.stm32cube.ide.mcu.externaltools.gnu-tools-for-stm32.14.3.rel1.win32_1.0.100.202602081740/tools/bin/../lib/gcc/arm-none-eabi/14.3.1/../../../../arm-none-eabi/lib/thumb/v7e-m+fp/hard\libc_nano.a(libc_a-mlock.o)
                0x0800f564                __malloc_unlock
 .text._Balloc  0x0800f570       0x7c C:/ST/STM32CubeIDE_2.1.1/STM32CubeIDE/plugins/com.st.stm32cube.ide.mcu.externaltools.gnu-tools-for-stm32.14.3.rel1.win32_1.0.100.202602081740/tools/bin/../lib/gcc/arm-none-eabi/14.3.1/../../../../arm-none-eabi/lib/thumb/v7e-m+fp/hard\libc_nano.a(libc_a-mprec.o)
                0x0800f570                _Balloc
 .text._Bfree   0x0800f5ec       0x44 C:/ST/STM32CubeIDE_2.1.1/STM32CubeIDE/plugins/com.st.stm32cube.ide.mcu.externaltools.gnu-tools-for-stm32.14.3.rel1.win32_1.0.100.202602081740/tools/bin/../lib/gcc/arm-none-eabi/14.3.1/../../../../arm-none-eabi/lib/thumb/v7e-m+fp/hard\libc_nano.a(libc_a-mprec.o)
                0x0800f5ec                _Bfree
 .text.__multadd
                0x0800f630       0x8c C:/ST/STM32CubeIDE_2.1.1/STM32CubeIDE/plugins/com.st.stm32cube.ide.mcu.externaltools.gnu-tools-for-stm32.14.3.rel1.win32_1.0.100.202602081740/tools/bin/../lib/gcc/arm-none-eabi/14.3.1/../../../../arm-none-eabi/lib/thumb/v7e-m+fp/hard\libc_nano.a(libc_a-mprec.o)
                0x0800f630                __multadd
 .text.__hi0bits
                0x0800f6bc       0x3e C:/ST/STM32CubeIDE_2.1.1/STM32CubeIDE/plugins/com.st.stm32cube.ide.mcu.externaltools.gnu-tools-for-stm32.14.3.rel1.win32_1.0.100.202602081740/tools/bin/../lib/gcc/arm-none-eabi/14.3.1/../../../../arm-none-eabi/lib/thumb/v7e-m+fp/hard\libc_nano.a(libc_a-mprec.o)
                0x0800f6bc                __hi0bits
 .text.__lo0bits
                0x0800f6fa       0x5a C:/ST/STM32CubeIDE_2.1.1/STM32CubeIDE/plugins/com.st.stm32cube.ide.mcu.externaltools.gnu-tools-for-stm32.14.3.rel1.win32_1.0.100.202602081740/tools/bin/../lib/gcc/arm-none-eabi/14.3.1/../../../../arm-none-eabi/lib/thumb/v7e-m+fp/hard\libc_nano.a(libc_a-mprec.o)
                0x0800f6fa                __lo0bits
 .text.__i2b    0x0800f754       0x2c C:/ST/STM32CubeIDE_2.1.1/STM32CubeIDE/plugins/com.st.stm32cube.ide.mcu.externaltools.gnu-tools-for-stm32.14.3.rel1.win32_1.0.100.202602081740/tools/bin/../lib/gcc/arm-none-eabi/14.3.1/../../../../arm-none-eabi/lib/thumb/v7e-m+fp/hard\libc_nano.a(libc_a-mprec.o)
                0x0800f754                __i2b
 .text.__multiply
                0x0800f780      0x154 C:/ST/STM32CubeIDE_2.1.1/STM32CubeIDE/plugins/com.st.stm32cube.ide.mcu.externaltools.gnu-tools-for-stm32.14.3.rel1.win32_1.0.100.202602081740/tools/bin/../lib/gcc/arm-none-eabi/14.3.1/../../../../arm-none-eabi/lib/thumb/v7e-m+fp/hard\libc_nano.a(libc_a-mprec.o)
                0x0800f780                __multiply
 .text.__pow5mult
                0x0800f8d4       0xb8 C:/ST/STM32CubeIDE_2.1.1/STM32CubeIDE/plugins/com.st.stm32cube.ide.mcu.externaltools.gnu-tools-for-stm32.14.3.rel1.win32_1.0.100.202602081740/tools/bin/../lib/gcc/arm-none-eabi/14.3.1/../../../../arm-none-eabi/lib/thumb/v7e-m+fp/hard\libc_nano.a(libc_a-mprec.o)
                0x0800f8d4                __pow5mult
 .text.__lshift
                0x0800f98c       0xdc C:/ST/STM32CubeIDE_2.1.1/STM32CubeIDE/plugins/com.st.stm32cube.ide.mcu.externaltools.gnu-tools-for-stm32.14.3.rel1.win32_1.0.100.202602081740/tools/bin/../lib/gcc/arm-none-eabi/14.3.1/../../../../arm-none-eabi/lib/thumb/v7e-m+fp/hard\libc_nano.a(libc_a-mprec.o)
                0x0800f98c                __lshift
 .text.__mcmp   0x0800fa68       0x36 C:/ST/STM32CubeIDE_2.1.1/STM32CubeIDE/plugins/com.st.stm32cube.ide.mcu.externaltools.gnu-tools-for-stm32.14.3.rel1.win32_1.0.100.202602081740/tools/bin/../lib/gcc/arm-none-eabi/14.3.1/../../../../arm-none-eabi/lib/thumb/v7e-m+fp/hard\libc_nano.a(libc_a-mprec.o)
                0x0800fa68                __mcmp
 *fill*         0x0800fa9e        0x2 
 .text.__mdiff  0x0800faa0      0x130 C:/ST/STM32CubeIDE_2.1.1/STM32CubeIDE/plugins/com.st.stm32cube.ide.mcu.externaltools.gnu-tools-for-stm32.14.3.rel1.win32_1.0.100.202602081740/tools/bin/../lib/gcc/arm-none-eabi/14.3.1/../../../../arm-none-eabi/lib/thumb/v7e-m+fp/hard\libc_nano.a(libc_a-mprec.o)
                0x0800faa0                __mdiff
 .text.__d2b    0x0800fbd0       0xb0 C:/ST/STM32CubeIDE_2.1.1/STM32CubeIDE/plugins/com.st.stm32cube.ide.mcu.externaltools.gnu-tools-for-stm32.14.3.rel1.win32_1.0.100.202602081740/tools/bin/../lib/gcc/arm-none-eabi/14.3.1/../../../../arm-none-eabi/lib/thumb/v7e-m+fp/hard\libc_nano.a(libc_a-mprec.o)
                0x0800fbd0                __d2b
 .text.__ssputs_r
                0x0800fc80       0xc0 C:/ST/STM32CubeIDE_2.1.1/STM32CubeIDE/plugins/com.st.stm32cube.ide.mcu.externaltools.gnu-tools-for-stm32.14.3.rel1.win32_1.0.100.202602081740/tools/bin/../lib/gcc/arm-none-eabi/14.3.1/../../../../arm-none-eabi/lib/thumb/v7e-m+fp/hard\libc_nano.a(libc_a-nano-svfprintf.o)
                0x0800fc80                __ssputs_r
 .text._svfprintf_r
                0x0800fd40      0x1f0 C:/ST/STM32CubeIDE_2.1.1/STM32CubeIDE/plugins/com.st.stm32cube.ide.mcu.externaltools.gnu-tools-for-stm32.14.3.rel1.win32_1.0.100.202602081740/tools/bin/../lib/gcc/arm-none-eabi/14.3.1/../../../../arm-none-eabi/lib/thumb/v7e-m+fp/hard\libc_nano.a(libc_a-nano-svfprintf.o)
                0x0800fd40                _svfiprintf_r
                0x0800fd40                _svfprintf_r
 .text.__sflush_r
                0x0800ff30      0x104 C:/ST/STM32CubeIDE_2.1.1/STM32CubeIDE/plugins/com.st.stm32cube.ide.mcu.externaltools.gnu-tools-for-stm32.14.3.rel1.win32_1.0.100.202602081740/tools/bin/../lib/gcc/arm-none-eabi/14.3.1/../../../../arm-none-eabi/lib/thumb/v7e-m+fp/hard\libc_nano.a(libc_a-fflush.o)
                0x0800ff30                __sflush_r
 .text._fflush_r
                0x08010034       0x50 C:/ST/STM32CubeIDE_2.1.1/STM32CubeIDE/plugins/com.st.stm32cube.ide.mcu.externaltools.gnu-tools-for-stm32.14.3.rel1.win32_1.0.100.202602081740/tools/bin/../lib/gcc/arm-none-eabi/14.3.1/../../../../arm-none-eabi/lib/thumb/v7e-m+fp/hard\libc_nano.a(libc_a-fflush.o)
                0x08010034                _fflush_r
 .text.memmove  0x08010084       0x32 C:/ST/STM32CubeIDE_2.1.1/STM32CubeIDE/plugins/com.st.stm32cube.ide.mcu.externaltools.gnu-tools-for-stm32.14.3.rel1.win32_1.0.100.202602081740/tools/bin/../lib/gcc/arm-none-eabi/14.3.1/../../../../arm-none-eabi/lib/thumb/v7e-m+fp/hard\libc_nano.a(libc_a-memmove.o)
                0x08010084                memmove
 *fill*         0x080100b6        0x2 
 .text._sbrk_r  0x080100b8       0x20 C:/ST/STM32CubeIDE_2.1.1/STM32CubeIDE/plugins/com.st.stm32cube.ide.mcu.externaltools.gnu-tools-for-stm32.14.3.rel1.win32_1.0.100.202602081740/tools/bin/../lib/gcc/arm-none-eabi/14.3.1/../../../../arm-none-eabi/lib/thumb/v7e-m+fp/hard\libc_nano.a(libc_a-sbrkr.o)
                0x080100b8                _sbrk_r
 .text.__assert_func
                0x080100d8       0x3c C:/ST/STM32CubeIDE_2.1.1/STM32CubeIDE/plugins/com.st.stm32cube.ide.mcu.externaltools.gnu-tools-for-stm32.14.3.rel1.win32_1.0.100.202602081740/tools/bin/../lib/gcc/arm-none-eabi/14.3.1/../../../../arm-none-eabi/lib/thumb/v7e-m+fp/hard\libc_nano.a(libc_a-assert.o)
                0x080100d8                __assert_func
 .text._calloc_r
                0x08010114       0x28 C:/ST/STM32CubeIDE_2.1.1/STM32CubeIDE/plugins/com.st.stm32cube.ide.mcu.externaltools.gnu-tools-for-stm32.14.3.rel1.win32_1.0.100.202602081740/tools/bin/../lib/gcc/arm-none-eabi/14.3.1/../../../../arm-none-eabi/lib/thumb/v7e-m+fp/hard\libc_nano.a(libc_a-callocr.o)
                0x08010114                _calloc_r
 .text.__ascii_mbtowc
                0x0801013c       0x24 C:/ST/STM32CubeIDE_2.1.1/STM32CubeIDE/plugins/com.st.stm32cube.ide.mcu.externaltools.gnu-tools-for-stm32.14.3.rel1.win32_1.0.100.202602081740/tools/bin/../lib/gcc/arm-none-eabi/14.3.1/../../../../arm-none-eabi/lib/thumb/v7e-m+fp/hard\libc_nano.a(libc_a-mbtowc_r.o)
                0x0801013c                __ascii_mbtowc
 .text._realloc_r
                0x08010160       0x5c C:/ST/STM32CubeIDE_2.1.1/STM32CubeIDE/plugins/com.st.stm32cube.ide.mcu.externaltools.gnu-tools-for-stm32.14.3.rel1.win32_1.0.100.202602081740/tools/bin/../lib/gcc/arm-none-eabi/14.3.1/../../../../arm-none-eabi/lib/thumb/v7e-m+fp/hard\libc_nano.a(libc_a-reallocr.o)
                0x08010160                _realloc_r
 .text.__ascii_wctomb
                0x080101bc       0x1a C:/ST/STM32CubeIDE_2.1.1/STM32CubeIDE/plugins/com.st.stm32cube.ide.mcu.externaltools.gnu-tools-for-stm32.14.3.rel1.win32_1.0.100.202602081740/tools/bin/../lib/gcc/arm-none-eabi/14.3.1/../../../../arm-none-eabi/lib/thumb/v7e-m+fp/hard\libc_nano.a(libc_a-wctomb_r.o)
                0x080101bc                __ascii_wctomb
 *fill*         0x080101d6        0x2 
 .text.fprintf  0x080101d8       0x24 C:/ST/STM32CubeIDE_2.1.1/STM32CubeIDE/plugins/com.st.stm32cube.ide.mcu.externaltools.gnu-tools-for-stm32.14.3.rel1.win32_1.0.100.202602081740/tools/bin/../lib/gcc/arm-none-eabi/14.3.1/../../../../arm-none-eabi/lib/thumb/v7e-m+fp/hard\libc_nano.a(libc_a-fprintf.o)
                0x080101d8                fiprintf
                0x080101d8                fprintf
 .text.abort    0x080101fc        0xe C:/ST/STM32CubeIDE_2.1.1/STM32CubeIDE/plugins/com.st.stm32cube.ide.mcu.externaltools.gnu-tools-for-stm32.14.3.rel1.win32_1.0.100.202602081740/tools/bin/../lib/gcc/arm-none-eabi/14.3.1/../../../../arm-none-eabi/lib/thumb/v7e-m+fp/hard\libc_nano.a(libc_a-abort.o)
                0x080101fc                abort
 .text._malloc_usable_size_r
                0x0801020a       0x10 C:/ST/STM32CubeIDE_2.1.1/STM32CubeIDE/plugins/com.st.stm32cube.ide.mcu.externaltools.gnu-tools-for-stm32.14.3.rel1.win32_1.0.100.202602081740/tools/bin/../lib/gcc/arm-none-eabi/14.3.1/../../../../arm-none-eabi/lib/thumb/v7e-m+fp/hard\libc_nano.a(libc_a-msizer.o)
                0x0801020a                _malloc_usable_size_r
 .text.__sfputc_r
                0x0801021a       0x2e C:/ST/STM32CubeIDE_2.1.1/STM32CubeIDE/plugins/com.st.stm32cube.ide.mcu.externaltools.gnu-tools-for-stm32.14.3.rel1.win32_1.0.100.202602081740/tools/bin/../lib/gcc/arm-none-eabi/14.3.1/../../../../arm-none-eabi/lib/thumb/v7e-m+fp/hard\libc_nano.a(libc_a-nano-vfprintf.o)
 .text.__sfputs_r
                0x08010248       0x24 C:/ST/STM32CubeIDE_2.1.1/STM32CubeIDE/plugins/com.st.stm32cube.ide.mcu.externaltools.gnu-tools-for-stm32.14.3.rel1.win32_1.0.100.202602081740/tools/bin/../lib/gcc/arm-none-eabi/14.3.1/../../../../arm-none-eabi/lib/thumb/v7e-m+fp/hard\libc_nano.a(libc_a-nano-vfprintf.o)
                0x08010248                __sfputs_r
 .text._vfprintf_r
                0x0801026c      0x228 C:/ST/STM32CubeIDE_2.1.1/STM32CubeIDE/plugins/com.st.stm32cube.ide.mcu.externaltools.gnu-tools-for-stm32.14.3.rel1.win32_1.0.100.202602081740/tools/bin/../lib/gcc/arm-none-eabi/14.3.1/../../../../arm-none-eabi/lib/thumb/v7e-m+fp/hard\libc_nano.a(libc_a-nano-vfprintf.o)
                0x0801026c                _vfprintf_r
                0x0801026c                _vfiprintf_r
 .text.__swbuf_r
                0x08010494       0x7c C:/ST/STM32CubeIDE_2.1.1/STM32CubeIDE/plugins/com.st.stm32cube.ide.mcu.externaltools.gnu-tools-for-stm32.14.3.rel1.win32_1.0.100.202602081740/tools/bin/../lib/gcc/arm-none-eabi/14.3.1/../../../../arm-none-eabi/lib/thumb/v7e-m+fp/hard\libc_nano.a(libc_a-wbuf.o)
                0x08010494                __swbuf_r
 .text.__swsetup_r
                0x08010510       0xa8 C:/ST/STM32CubeIDE_2.1.1/STM32CubeIDE/plugins/com.st.stm32cube.ide.mcu.externaltools.gnu-tools-for-stm32.14.3.rel1.win32_1.0.100.202602081740/tools/bin/../lib/gcc/arm-none-eabi/14.3.1/../../../../arm-none-eabi/lib/thumb/v7e-m+fp/hard\libc_nano.a(libc_a-wsetup.o)
                0x08010510                __swsetup_r
 .text._raise_r
                0x080105b8       0x50 C:/ST/STM32CubeIDE_2.1.1/STM32CubeIDE/plugins/com.st.stm32cube.ide.mcu.externaltools.gnu-tools-for-stm32.14.3.rel1.win32_1.0.100.202602081740/tools/bin/../lib/gcc/arm-none-eabi/14.3.1/../../../../arm-none-eabi/lib/thumb/v7e-m+fp/hard\libc_nano.a(libc_a-signal.o)
                0x080105b8                _raise_r
 .text.raise    0x08010608       0x10 C:/ST/STM32CubeIDE_2.1.1/STM32CubeIDE/plugins/com.st.stm32cube.ide.mcu.externaltools.gnu-tools-for-stm32.14.3.rel1.win32_1.0.100.202602081740/tools/bin/../lib/gcc/arm-none-eabi/14.3.1/../../../../arm-none-eabi/lib/thumb/v7e-m+fp/hard\libc_nano.a(libc_a-signal.o)
                0x08010608                raise
 .text._kill_r  0x08010618       0x24 C:/ST/STM32CubeIDE_2.1.1/STM32CubeIDE/plugins/com.st.stm32cube.ide.mcu.externaltools.gnu-tools-for-stm32.14.3.rel1.win32_1.0.100.202602081740/tools/bin/../lib/gcc/arm-none-eabi/14.3.1/../../../../arm-none-eabi/lib/thumb/v7e-m+fp/hard\libc_nano.a(libc_a-signalr.o)
                0x08010618                _kill_r
 .text._getpid_r
                0x0801063c        0x4 C:/ST/STM32CubeIDE_2.1.1/STM32CubeIDE/plugins/com.st.stm32cube.ide.mcu.externaltools.gnu-tools-for-stm32.14.3.rel1.win32_1.0.100.202602081740/tools/bin/../lib/gcc/arm-none-eabi/14.3.1/../../../../arm-none-eabi/lib/thumb/v7e-m+fp/hard\libc_nano.a(libc_a-signalr.o)
                0x0801063c                _getpid_r
 .text.__swhatbuf_r
                0x08010640       0x48 C:/ST/STM32CubeIDE_2.1.1/STM32CubeIDE/plugins/com.st.stm32cube.ide.mcu.externaltools.gnu-tools-for-stm32.14.3.rel1.win32_1.0.100.202602081740/tools/bin/../lib/gcc/arm-none-eabi/14.3.1/../../../../arm-none-eabi/lib/thumb/v7e-m+fp/hard\libc_nano.a(libc_a-makebuf.o)
                0x08010640                __swhatbuf_r
 .text.__smakebuf_r
                0x08010688       0x72 C:/ST/STM32CubeIDE_2.1.1/STM32CubeIDE/plugins/com.st.stm32cube.ide.mcu.externaltools.gnu-tools-for-stm32.14.3.rel1.win32_1.0.100.202602081740/tools/bin/../lib/gcc/arm-none-eabi/14.3.1/../../../../arm-none-eabi/lib/thumb/v7e-m+fp/hard\libc_nano.a(libc_a-makebuf.o)
                0x08010688                __smakebuf_r
 *fill*         0x080106fa        0x2 
 .text._fstat_r
                0x080106fc       0x24 C:/ST/STM32CubeIDE_2.1.1/STM32CubeIDE/plugins/com.st.stm32cube.ide.mcu.externaltools.gnu-tools-for-stm32.14.3.rel1.win32_1.0.100.202602081740/tools/bin/../lib/gcc/arm-none-eabi/14.3.1/../../../../arm-none-eabi/lib/thumb/v7e-m+fp/hard\libc_nano.a(libc_a-fstatr.o)
                0x080106fc                _fstat_r
 .text._isatty_r
                0x08010720       0x20 C:/ST/STM32CubeIDE_2.1.1/STM32CubeIDE/plugins/com.st.stm32cube.ide.mcu.externaltools.gnu-tools-for-stm32.14.3.rel1.win32_1.0.100.202602081740/tools/bin/../lib/gcc/arm-none-eabi/14.3.1/../../../../arm-none-eabi/lib/thumb/v7e-m+fp/hard\libc_nano.a(libc_a-isattyr.o)
                0x08010720                _isatty_r
 *(.glue_7)
 .glue_7        0x08010740        0x0 linker stubs
 *(.glue_7t)
 .glue_7t       0x08010740        0x0 linker stubs
 *(.eh_frame)
 .eh_frame      0x08010740        0x0 C:/ST/STM32CubeIDE_2.1.1/STM32CubeIDE/plugins/com.st.stm32cube.ide.mcu.externaltools.gnu-tools-for-stm32.14.3.rel1.win32_1.0.100.202602081740/tools/bin/../lib/gcc/arm-none-eabi/14.3.1/thumb/v7e-m+fp/hard/crtbegin.o
 *(.init)
 .init          0x08010740        0x4 C:/ST/STM32CubeIDE_2.1.1/STM32CubeIDE/plugins/com.st.stm32cube.ide.mcu.externaltools.gnu-tools-for-stm32.14.3.rel1.win32_1.0.100.202602081740/tools/bin/../lib/gcc/arm-none-eabi/14.3.1/thumb/v7e-m+fp/hard/crti.o
                0x08010740                _init
 .init          0x08010744        0x8 C:/ST/STM32CubeIDE_2.1.1/STM32CubeIDE/plugins/com.st.stm32cube.ide.mcu.externaltools.gnu-tools-for-stm32.14.3.rel1.win32_1.0.100.202602081740/tools/bin/../lib/gcc/arm-none-eabi/14.3.1/thumb/v7e-m+fp/hard/crtn.o
 *(.fini)
 .fini          0x0801074c        0x4 C:/ST/STM32CubeIDE_2.1.1/STM32CubeIDE/plugins/com.st.stm32cube.ide.mcu.externaltools.gnu-tools-for-stm32.14.3.rel1.win32_1.0.100.202602081740/tools/bin/../lib/gcc/arm-none-eabi/14.3.1/thumb/v7e-m+fp/hard/crti.o
                0x0801074c                _fini
 .fini          0x08010750        0x8 C:/ST/STM32CubeIDE_2.1.1/STM32CubeIDE/plugins/com.st.stm32cube.ide.mcu.externaltools.gnu-tools-for-stm32.14.3.rel1.win32_1.0.100.202602081740/tools/bin/../lib/gcc/arm-none-eabi/14.3.1/thumb/v7e-m+fp/hard/crtn.o
                0x08010758                        . = ALIGN (0x4)
                0x08010758                        _etext = .

.vfp11_veneer   0x08010758        0x0
 .vfp11_veneer  0x08010758        0x0 linker stubs

.v4_bx          0x08010758        0x0
 .v4_bx         0x08010758        0x0 linker stubs

.iplt           0x08010758        0x0
 .iplt          0x08010758        0x0 C:/ST/STM32CubeIDE_2.1.1/STM32CubeIDE/plugins/com.st.stm32cube.ide.mcu.externaltools.gnu-tools-for-stm32.14.3.rel1.win32_1.0.100.202602081740/tools/bin/../lib/gcc/arm-none-eabi/14.3.1/thumb/v7e-m+fp/hard/crtbegin.o

.rodata         0x08010758      0x874
                0x08010758                        . = ALIGN (0x4)
 *(.rodata)
 .rodata        0x08010758      0x2c6 ./Core/Src/main.o
 *fill*         0x08010a1e        0x2 
 .rodata        0x08010a20       0x44 ./Middlewares/Third_Party/FatFs/src/ff.o
 .rodata        0x08010a64        0x5 ./Middlewares/Third_Party/FreeRTOS/Source/tasks.o
 *fill*         0x08010a69        0x3 
 .rodata        0x08010a6c        0xd ./Middlewares/Third_Party/FreeRTOS/Source/timers.o
 *(.rodata*)
 *fill*         0x08010a79        0x3 
 .rodata.defaultTask_attributes
                0x08010a7c       0x24 ./Core/Src/main.o
                0x08010a7c                defaultTask_attributes
 .rodata.SensorTask_attributes
                0x08010aa0       0x24 ./Core/Src/main.o
                0x08010aa0                SensorTask_attributes
 .rodata.CANTxTask_attributes
                0x08010ac4       0x24 ./Core/Src/main.o
                0x08010ac4                CANTxTask_attributes
 .rodata.CANRxTask_attributes
                0x08010ae8       0x24 ./Core/Src/main.o
                0x08010ae8                CANRxTask_attributes
 .rodata.ErrorTask_attributes
                0x08010b0c       0x24 ./Core/Src/main.o
                0x08010b0c                ErrorTask_attributes
 .rodata.LogTask_attributes
                0x08010b30       0x24 ./Core/Src/main.o
                0x08010b30                LogTask_attributes
 .rodata.UARTTask_attributes
                0x08010b54       0x24 ./Core/Src/main.o
                0x08010b54                UARTTask_attributes
 .rodata.SensorQueue_attributes
                0x08010b78       0x18 ./Core/Src/main.o
                0x08010b78                SensorQueue_attributes
 .rodata.CANRxQueue_attributes
                0x08010b90       0x18 ./Core/Src/main.o
                0x08010b90                CANRxQueue_attributes
 .rodata.ErrorQueue_attributes
                0x08010ba8       0x18 ./Core/Src/main.o
                0x08010ba8                ErrorQueue_attributes
 .rodata.AHBPrescTable
                0x08010bc0       0x10 ./Core/Src/system_stm32f4xx.o
                0x08010bc0                AHBPrescTable
 .rodata.APBPrescTable
                0x08010bd0        0x8 ./Core/Src/system_stm32f4xx.o
                0x08010bd0                APBPrescTable
 .rodata.ExCvt  0x08010bd8       0x80 ./Middlewares/Third_Party/FatFs/src/ff.o
 .rodata._printf_float.str1.1
                0x08010c58      0x171 C:/ST/STM32CubeIDE_2.1.1/STM32CubeIDE/plugins/com.st.stm32cube.ide.mcu.externaltools.gnu-tools-for-stm32.14.3.rel1.win32_1.0.100.202602081740/tools/bin/../lib/gcc/arm-none-eabi/14.3.1/../../../../arm-none-eabi/lib/thumb/v7e-m+fp/hard\libc_nano.a(libc_a-nano-vfprintf_float.o)
                                 0x12 (size before relaxing)
 .rodata._printf_i.str1.1
                0x08010dc9       0x22 C:/ST/STM32CubeIDE_2.1.1/STM32CubeIDE/plugins/com.st.stm32cube.ide.mcu.externaltools.gnu-tools-for-stm32.14.3.rel1.win32_1.0.100.202602081740/tools/bin/../lib/gcc/arm-none-eabi/14.3.1/../../../../arm-none-eabi/lib/thumb/v7e-m+fp/hard\libc_nano.a(libc_a-nano-vfprintf_i.o)
 .rodata._dtoa_r.str1.1
                0x08010dc9       0x8f C:/ST/STM32CubeIDE_2.1.1/STM32CubeIDE/plugins/com.st.stm32cube.ide.mcu.externaltools.gnu-tools-for-stm32.14.3.rel1.win32_1.0.100.202602081740/tools/bin/../lib/gcc/arm-none-eabi/14.3.1/../../../../arm-none-eabi/lib/thumb/v7e-m+fp/hard\libc_nano.a(libc_a-dtoa.o)
 .rodata._Balloc.str1.1
                0x08010dc9       0x70 C:/ST/STM32CubeIDE_2.1.1/STM32CubeIDE/plugins/com.st.stm32cube.ide.mcu.externaltools.gnu-tools-for-stm32.14.3.rel1.win32_1.0.100.202602081740/tools/bin/../lib/gcc/arm-none-eabi/14.3.1/../../../../arm-none-eabi/lib/thumb/v7e-m+fp/hard\libc_nano.a(libc_a-mprec.o)
 .rodata.__multadd.str1.1