../Core/Src/main.c:155:5:main	1
../Core/Src/main.c:289:6:SystemClock_Config	4
../Core/Src/main.c:343:13:MX_CAN1_Init	2
../Core/Src/main.c:381:13:MX_CAN2_Init	2
../Core/Src/main.c:429:13:MX_I2C1_Init	2
../Core/Src/main.c:463:13:MX_SPI1_Init	2
../Core/Src/main.c:501:13:MX_USART2_UART_Init	2
../Core/Src/main.c:534:13:MX_GPIO_Init	1
../Core/Src/main.c:573:6:I2C_Scan	3
../Core/Src/main.c:590:6:BME280_ReadCalibration	3
../Core/Src/main.c:615:6:BME280_ReadPressureCalibration	1
../Core/Src/main.c:632:6:BME280_ReadHumidityCalibration	1
../Core/Src/main.c:650:6:BME280_Init	1
../Core/Src/main.c:661:9:BME280_ReadRawTemperature	1
../Core/Src/main.c:670:9:BME280_ReadRawPressure	1
../Core/Src/main.c:679:9:BME280_ReadRawHumidity	1
../Core/Src/main.c:688:7:BME280_GetTemperature	1
../Core/Src/main.c:697:7:BME280_GetPressure	2
../Core/Src/main.c:719:7:BME280_GetHumidity	1
../Core/Src/main.c:745:6:StartDefaultTask	1
../Core/Src/main.c:763:6:StartSensorTask	1
../Core/Src/main.c:818:6:StartCANTxTask	5
../Core/Src/main.c:884:6:StartCANRxTask	5
../Core/Src/main.c:929:6:StartErrorTask	1
../Core/Src/main.c:947:6:StartLogTask	7
../Core/Src/main.c:1014:6:StartUARTTask	1
../Core/Src/main.c:1029:6:Error_Handler	1
